Component: ARM Compiler 5.06 update 5 (build 528) Tool: armlink [4d35e2]

==============================================================================

Section Cross References

    stm32f1xx_hal_msp.o(i.HAL_MspInit) refers to stm32f1xx_hal_cortex.o(i.HAL_NVIC_SetPriorityGrouping) for HAL_NVIC_SetPriorityGrouping
    stm32f1xx_hal_msp.o(i.HAL_MspInit) refers to stm32f1xx_hal_cortex.o(i.HAL_NVIC_SetPriority) for HAL_NVIC_SetPriority
    stm32f1xx_hal_msp.o(i.HAL_SD_MspDeInit) refers to stm32f1xx_hal_gpio.o(i.HAL_GPIO_DeInit) for HAL_GPIO_DeInit
    stm32f1xx_hal_msp.o(i.HAL_SD_MspDeInit) refers to stm32f1xx_hal_cortex.o(i.HAL_NVIC_DisableIRQ) for HAL_NVIC_DisableIRQ
    stm32f1xx_hal_msp.o(i.HAL_SD_MspInit) refers to stm32f1xx_hal_gpio.o(i.HAL_GPIO_Init) for HAL_GPIO_Init
    stm32f1xx_hal_msp.o(i.HAL_SD_MspInit) refers to stm32f1xx_hal_cortex.o(i.HAL_NVIC_SetPriority) for HAL_NVIC_SetPriority
    stm32f1xx_hal_msp.o(i.HAL_SD_MspInit) refers to stm32f1xx_hal_cortex.o(i.HAL_NVIC_EnableIRQ) for HAL_NVIC_EnableIRQ
    stm32f1xx_it.o(i.SDIO_IRQHandler) refers to stm32f1xx_hal_sd.o(i.HAL_SD_IRQHandler) for HAL_SD_IRQHandler
    stm32f1xx_it.o(i.SDIO_IRQHandler) refers to main.o(.bss) for hsd
    stm32f1xx_it.o(i.SysTick_Handler) refers to stm32f1xx_hal.o(i.HAL_IncTick) for HAL_IncTick
    stm32f1xx_it.o(i.SysTick_Handler) refers to stm32f1xx_hal_cortex.o(i.HAL_SYSTICK_IRQHandler) for HAL_SYSTICK_IRQHandler
    stm32f1xx_it.o(i.USB_LP_CAN1_RX0_IRQHandler) refers to stm32f1xx_hal_pcd.o(i.HAL_PCD_IRQHandler) for HAL_PCD_IRQHandler
    stm32f1xx_it.o(i.USB_LP_CAN1_RX0_IRQHandler) refers to usbd_conf.o(.bss) for hpcd_USB_FS
    bsp_driver_sd.o(i.BSP_SD_DMA_Rx_IRQHandler) refers to stm32f1xx_hal_dma.o(i.HAL_DMA_IRQHandler) for HAL_DMA_IRQHandler
    bsp_driver_sd.o(i.BSP_SD_DMA_Rx_IRQHandler) refers to main.o(.bss) for hsd
    bsp_driver_sd.o(i.BSP_SD_DMA_Tx_IRQHandler) refers to stm32f1xx_hal_dma.o(i.HAL_DMA_IRQHandler) for HAL_DMA_IRQHandler
    bsp_driver_sd.o(i.BSP_SD_DMA_Tx_IRQHandler) refers to main.o(.bss) for hsd
    bsp_driver_sd.o(i.BSP_SD_Erase) refers to stm32f1xx_hal_sd.o(i.HAL_SD_Erase) for HAL_SD_Erase
    bsp_driver_sd.o(i.BSP_SD_Erase) refers to main.o(.bss) for hsd
    bsp_driver_sd.o(i.BSP_SD_GetCardInfo) refers to stm32f1xx_hal_sd.o(i.HAL_SD_GetCardInfo) for HAL_SD_GetCardInfo
    bsp_driver_sd.o(i.BSP_SD_GetCardInfo) refers to main.o(.bss) for hsd
    bsp_driver_sd.o(i.BSP_SD_GetCardState) refers to stm32f1xx_hal_sd.o(i.HAL_SD_GetCardState) for HAL_SD_GetCardState
    bsp_driver_sd.o(i.BSP_SD_GetCardState) refers to main.o(.bss) for hsd
    bsp_driver_sd.o(i.BSP_SD_IRQHandler) refers to stm32f1xx_hal_sd.o(i.HAL_SD_IRQHandler) for HAL_SD_IRQHandler
    bsp_driver_sd.o(i.BSP_SD_IRQHandler) refers to main.o(.bss) for hsd
    bsp_driver_sd.o(i.BSP_SD_Init) refers to stm32f1xx_hal_sd.o(i.HAL_SD_Init) for HAL_SD_Init
    bsp_driver_sd.o(i.BSP_SD_Init) refers to main.o(.bss) for hsd
    bsp_driver_sd.o(i.BSP_SD_ReadBlocks) refers to stm32f1xx_hal_sd.o(i.HAL_SD_ReadBlocks) for HAL_SD_ReadBlocks
    bsp_driver_sd.o(i.BSP_SD_ReadBlocks) refers to main.o(.bss) for hsd
    bsp_driver_sd.o(i.BSP_SD_ReadBlocks_DMA) refers to stm32f1xx_hal_sd.o(i.HAL_SD_ReadBlocks_DMA) for HAL_SD_ReadBlocks_DMA
    bsp_driver_sd.o(i.BSP_SD_ReadBlocks_DMA) refers to main.o(.bss) for hsd
    bsp_driver_sd.o(i.BSP_SD_WriteBlocks) refers to stm32f1xx_hal_sd.o(i.HAL_SD_WriteBlocks) for HAL_SD_WriteBlocks
    bsp_driver_sd.o(i.BSP_SD_WriteBlocks) refers to main.o(.bss) for hsd
    bsp_driver_sd.o(i.BSP_SD_WriteBlocks_DMA) refers to stm32f1xx_hal_sd.o(i.HAL_SD_WriteBlocks_DMA) for HAL_SD_WriteBlocks_DMA
    bsp_driver_sd.o(i.BSP_SD_WriteBlocks_DMA) refers to main.o(.bss) for hsd
    fatfs.o(i.MX_FATFS_Init) refers to ff_gen_drv.o(i.FATFS_LinkDriver) for FATFS_LinkDriver
    fatfs.o(i.MX_FATFS_Init) refers to fatfs.o(.data) for .data
    fatfs.o(i.MX_FATFS_Init) refers to sd_diskio.o(.constdata) for SD_Driver
    main.o(i.MX_GPIO_Init) refers to stm32f1xx_hal_gpio.o(i.HAL_GPIO_WritePin) for HAL_GPIO_WritePin
    main.o(i.MX_GPIO_Init) refers to stm32f1xx_hal_gpio.o(i.HAL_GPIO_Init) for HAL_GPIO_Init
    main.o(i.SystemClock_Config) refers to stm32f1xx_hal_rcc.o(i.HAL_RCC_OscConfig) for HAL_RCC_OscConfig
    main.o(i.SystemClock_Config) refers to stm32f1xx_hal_rcc.o(i.HAL_RCC_ClockConfig) for HAL_RCC_ClockConfig
    main.o(i.SystemClock_Config) refers to stm32f1xx_hal_rcc_ex.o(i.HAL_RCCEx_PeriphCLKConfig) for HAL_RCCEx_PeriphCLKConfig
    main.o(i.SystemClock_Config) refers to stm32f1xx_hal_rcc.o(i.HAL_RCC_GetHCLKFreq) for HAL_RCC_GetHCLKFreq
    main.o(i.SystemClock_Config) refers to stm32f1xx_hal_cortex.o(i.HAL_SYSTICK_Config) for HAL_SYSTICK_Config
    main.o(i.SystemClock_Config) refers to stm32f1xx_hal_cortex.o(i.HAL_SYSTICK_CLKSourceConfig) for HAL_SYSTICK_CLKSourceConfig
    main.o(i.SystemClock_Config) refers to stm32f1xx_hal_cortex.o(i.HAL_NVIC_SetPriority) for HAL_NVIC_SetPriority
[...]
    i.USBD_Init                              0x08002f46   Section        0  usbd_core.o(i.USBD_Init)
    i.USBD_LL_ClearStallEP                   0x08002f70   Section        0  usbd_conf.o(i.USBD_LL_ClearStallEP)
    i.USBD_LL_CloseEP                        0x08002f90   Section        0  usbd_conf.o(i.USBD_LL_CloseEP)
    i.USBD_LL_DataInStage                    0x08002fb0   Section        0  usbd_core.o(i.USBD_LL_DataInStage)
    i.USBD_LL_DataOutStage                   0x0800305a   Section        0  usbd_core.o(i.USBD_LL_DataOutStage)
    i.USBD_LL_GetRxDataSize                  0x080030c4   Section        0  usbd_conf.o(i.USBD_LL_GetRxDataSize)
    i.USBD_LL_Init                           0x080030cc   Section        0  usbd_conf.o(i.USBD_LL_Init)
    i.USBD_LL_IsStallEP                      0x0800316c   Section        0  usbd_conf.o(i.USBD_LL_IsStallEP)
    i.USBD_LL_OpenEP                         0x08003188   Section        0  usbd_conf.o(i.USBD_LL_OpenEP)
    i.USBD_LL_PrepareReceive                 0x080031ae   Section        0  usbd_conf.o(i.USBD_LL_PrepareReceive)
    i.USBD_LL_Reset                          0x080031ce   Section        0  usbd_core.o(i.USBD_LL_Reset)
    i.USBD_LL_Resume                         0x0800320c   Section        0  usbd_core.o(i.USBD_LL_Resume)
    i.USBD_LL_SOF                            0x08003218   Section        0  usbd_core.o(i.USBD_LL_SOF)
    i.USBD_LL_SetSpeed                       0x08003230   Section        0  usbd_core.o(i.USBD_LL_SetSpeed)
    i.USBD_LL_SetUSBAddress                  0x08003236   Section        0  usbd_conf.o(i.USBD_LL_SetUSBAddress)
    i.USBD_LL_SetupStage                     0x08003256   Section        0  usbd_core.o(i.USBD_LL_SetupStage)
    i.USBD_LL_StallEP                        0x080032b0   Section        0  usbd_conf.o(i.USBD_LL_StallEP)
    i.USBD_LL_Start                          0x080032d0   Section        0  usbd_conf.o(i.USBD_LL_Start)
    i.USBD_LL_Suspend                        0x080032f0   Section        0  usbd_core.o(i.USBD_LL_Suspend)
    i.USBD_LL_Transmit                       0x08003302   Section        0  usbd_conf.o(i.USBD_LL_Transmit)
    i.USBD_ParseSetupRequest                 0x08003322   Section        0  usbd_ctlreq.o(i.USBD_ParseSetupRequest)
    i.USBD_RegisterClass                     0x0800334a   Section        0  usbd_core.o(i.USBD_RegisterClass)
    i.USBD_SetClassConfig                    0x0800335a   Section        0  usbd_core.o(i.USBD_SetClassConfig)
    i.USBD_SetConfig                         0x08003370   Section        0  usbd_ctlreq.o(i.USBD_SetConfig)
    USBD_SetConfig                           0x08003371   Thumb Code   110  usbd_ctlreq.o(i.USBD_SetConfig)
    i.USBD_Start                             0x080033e4   Section        0  usbd_core.o(i.USBD_Start)
    i.USBD_StdDevReq                         0x080033ee   Section        0  usbd_ctlreq.o(i.USBD_StdDevReq)
    i.USBD_StdEPReq                          0x080034e0   Section        0  usbd_ctlreq.o(i.USBD_StdEPReq)
    i.USBD_StdItfReq                         0x080035bc   Section        0  usbd_ctlreq.o(i.USBD_StdItfReq)
    i.USBD_static_free                       0x080035f0   Section        0  usbd_conf.o(i.USBD_static_free)
    i.USBD_static_malloc                     0x080035f4   Section        0  usbd_conf.o(i.USBD_static_malloc)
    i.USB_ActivateEndpoint                   0x080035fc   Section        0  stm32f1xx_ll_usb.o(i.USB_ActivateEndpoint)
    i.USB_CoreInit                           0x08003858   Section        0  stm32f1xx_ll_usb.o(i.USB_CoreInit)
    i.USB_DeactivateEndpoint                 0x0800385c   Section        0  stm32f1xx_ll_usb.o(i.USB_DeactivateEndpoint)
    i.USB_DevConnect                         0x08003980   Section        0  stm32f1xx_ll_usb.o(i.USB_DevConnect)
    i.USB_DevDisconnect                      0x08003984   Section        0  stm32f1xx_ll_usb.o(i.USB_DevDisconnect)
    i.USB_DevInit                            0x08003988   Section        0  stm32f1xx_ll_usb.o(i.USB_DevInit)
    i.USB_DisableGlobalInt                   0x080039a6   Section        0  stm32f1xx_ll_usb.o(i.USB_DisableGlobalInt)
    i.USB_EP0_OutStart                       0x080039b4   Section        0  stm32f1xx_ll_usb.o(i.USB_EP0_OutStart)
    i.USB_EPClearStall                       0x080039b8   Section        0  stm32f1xx_ll_usb.o(i.USB_EPClearStall)
    i.USB_EPSetStall                         0x08003a22   Section        0  stm32f1xx_ll_usb.o(i.USB_EPSetStall)
    i.USB_EPStartXfer                        0x08003a6c   Section        0  stm32f1xx_ll_usb.o(i.USB_EPStartXfer)
    i.USB_EnableGlobalInt                    0x08003c16   Section        0  stm32f1xx_ll_usb.o(i.USB_EnableGlobalInt)
    i.USB_LP_CAN1_RX0_IRQHandler             0x08003c24   Section        0  stm32f1xx_it.o(i.USB_LP_CAN1_RX0_IRQHandler)
    i.USB_ReadInterrupts                     0x08003c30   Section        0  stm32f1xx_ll_usb.o(i.USB_ReadInterrupts)
    i.USB_ReadPMA                            0x08003c38   Section        0  stm32f1xx_ll_usb.o(i.USB_ReadPMA)
    i.USB_SetCurrentMode                     0x08003c56   Section        0  stm32f1xx_ll_usb.o(i.USB_SetCurrentMode)
    i.USB_SetDevAddress                      0x08003c5a   Section        0  stm32f1xx_ll_usb.o(i.USB_SetDevAddress)
    i.USB_WritePMA                           0x08003c66   Section        0  stm32f1xx_ll_usb.o(i.USB_WritePMA)
    i.UsageFault_Handler                     0x08003c8c   Section        0  stm32f1xx_it.o(i.UsageFault_Handler)
    i._Error_Handler                         0x08003c8e   Section        0  main.o(i._Error_Handler)
    i.__0sprintf$1                           0x08003c90   Section        0  printf1.o(i.__0sprintf$1)
    i.__scatterload_copy                     0x08003cb8   Section       14  handlers.o(i.__scatterload_copy)
    i.__scatterload_null                     0x08003cc6   Section        2  handlers.o(i.__scatterload_null)
    i.__scatterload_zeroinit                 0x08003cc8   Section       14  handlers.o(i.__scatterload_zeroinit)
    i._printf_core                           0x08003cd8   Section        0  printf1.o(i._printf_core)
    _printf_core                             0x08003cd9   Thumb Code   336  printf1.o(i._printf_core)
    i._sputc                                 0x08003e2c   Section        0  printf1.o(i._sputc)
    _sputc                                   0x08003e2d   Thumb Code    10  printf1.o(i._sputc)
    i.check_fs                               0x08003e38   Section        0  ff.o(i.check_fs)
    check_fs                                 0x08003e39   Thumb Code    90  ff.o(i.check_fs)
    i.chk_lock                               0x08003e98   Section        0  ff.o(i.chk_lock)
    chk_lock                                 0x08003e99   Thumb Code   102  ff.o(i.chk_lock)
    i.clear_lock                             0x08003f04   Section        0  ff.o(i.clear_lock)
    clear_lock                               0x08003f05   Thumb Code    32  ff.o(i.clear_lock)
    i.clmt_clust                             0x08003f28   Section        0  ff.o(i.clmt_clust)
    clmt_clust                               0x08003f29   Thumb Code    42  ff.o(i.clmt_clust)
    i.clust2sect                             0x08003f52   Section        0  ff.o(i.clust2sect)
    i.control                                0x08003f70   Section        0  control.o(i.control)
    i.control_main_eff                       0x08003f9c   Section        0  control.o(i.control_main_eff)
    i.create_chain                           0x08004088   Section        0  ff.o(i.create_chain)
    create_chain                             0x08004089   Thumb Code   176  ff.o(i.create_chain)
    i.create_name                            0x08004138   Section        0  ff.o(i.create_name)
    create_name                              0x08004139   Thumb Code   234  ff.o(i.create_name)
    i.dec_lock                               0x08004238   Section        0  ff.o(i.dec_lock)
    dec_lock                                 0x08004239   Thumb Code    54  ff.o(i.dec_lock)
    i.dir_next                               0x08004274   Section        0  ff.o(i.dir_next)
    dir_next                                 0x08004275   Thumb Code   286  ff.o(i.dir_next)
    i.dir_register                           0x08004392   Section        0  ff.o(i.dir_register)
    dir_register                             0x08004393   Thumb Code   118  ff.o(i.dir_register)
    i.dir_sdi                                0x08004408   Section        0  ff.o(i.dir_sdi)
    dir_sdi                                  0x08004409   Thumb Code   152  ff.o(i.dir_sdi)
    i.disk_initialize                        0x080044a0   Section        0  diskio.o(i.disk_initialize)
    i.disk_ioctl                             0x080044c8   Section        0  diskio.o(i.disk_ioctl)
    i.disk_read                              0x080044e4   Section        0  diskio.o(i.disk_read)
    i.disk_status                            0x08004500   Section        0  diskio.o(i.disk_status)
    i.disk_write                             0x08004518   Section        0  diskio.o(i.disk_write)
    i.eff_init                               0x08004534   Section        0  effect.o(i.eff_init)
    i.f_close                                0x08004544   Section        0  ff.o(i.f_close)
    i.f_mount                                0x08004570   Section        0  ff.o(i.f_mount)
    i.f_open                                 0x080045cc   Section        0  ff.o(i.f_open)
    i.f_read                                 0x0800476c   Section        0  ff.o(i.f_read)
    i.f_sync                                 0x080048f8   Section        0  ff.o(i.f_sync)
    i.find_volume                            0x080049b0   Section        0  ff.o(i.find_volume)
    find_volume                              0x080049b1   Thumb Code   588  ff.o(i.find_volume)
    i.follow_path                            0x08004c08   Section        0  ff.o(i.follow_path)
    follow_path                              0x08004c09   Thumb Code   192  ff.o(i.follow_path)
    i.get_fat                                0x08004cc8   Section        0  ff.o(i.get_fat)
    i.get_fattime                            0x08004d8a   Section        0  fatfs.o(i.get_fattime)
    i.get_ldnumber                           0x08004d8e   Section        0  ff.o(i.get_ldnumber)
    get_ldnumber                             0x08004d8f   Thumb Code    60  ff.o(i.get_ldnumber)
    i.inc_lock                               0x08004dcc   Section        0  ff.o(i.inc_lock)
    inc_lock                                 0x08004dcd   Thumb Code   154  ff.o(i.inc_lock)
    i.input_chanel                           0x08004e6c   Section        0  effect.o(i.input_chanel)
    i.ld_clust                               0x08004eb8   Section        0  ff.o(i.ld_clust)
    ld_clust                                 0x08004eb9   Thumb Code    20  ff.o(i.ld_clust)
    i.main                                   0x08004ecc   Section        0  main.o(i.main)
    i.mem_cpy                                0x08004f04   Section        0  ff.o(i.mem_cpy)
    mem_cpy                                  0x08004f05   Thumb Code    18  ff.o(i.mem_cpy)
    i.mem_set                                0x08004f16   Section        0  ff.o(i.mem_set)
    mem_set                                  0x08004f17   Thumb Code    14  ff.o(i.mem_set)
    i.move_window                            0x08004f24   Section        0  ff.o(i.move_window)
    move_window                              0x08004f25   Thumb Code    54  ff.o(i.move_window)
    i.put_fat                                0x08004f5a   Section        0  ff.o(i.put_fat)
    i.read_byte_init                         0x08005054   Section        0  control.o(i.read_byte_init)
    i.remove_chain                           0x08005090   Section        0  ff.o(i.remove_chain)
    remove_chain                             0x08005091   Thumb Code   110  ff.o(i.remove_chain)
    i.shadow_data                            0x080050fe   Section        0  effect.o(i.shadow_data)
    i.st_clust                               0x08005112   Section        0  ff.o(i.st_clust)
    st_clust                                 0x08005113   Thumb Code    16  ff.o(i.st_clust)
    i.sync_fs                                0x08005122   Section        0  ff.o(i.sync_fs)
    sync_fs                                  0x08005123   Thumb Code   182  ff.o(i.sync_fs)
    i.sync_window                            0x080051d8   Section        0  ff.o(i.sync_window)
    sync_window                              0x080051d9   Thumb Code    96  ff.o(i.sync_window)
    i.validate                               0x08005238   Section        0  ff.o(i.validate)
    validate                                 0x08005239   Thumb Code    44  ff.o(i.validate)
    .constdata                               0x08005264   Section       20  sd_diskio.o(.constdata)
    .constdata                               0x08005278   Section      172  ff.o(.constdata)
    ExCvt                                    0x08005278   Data         128  ff.o(.constdata)
    vst                                      0x080052f8   Data          22  ff.o(.constdata)
    cst                                      0x0800530e   Data          22  ff.o(.constdata)
    .constdata                               0x08005324   Section       16  system_stm32f1xx.o(.constdata)
    .data                                    0x20000000   Section        5  fatfs.o(.data)
    .data                                    0x20000008   Section       28  usbd_desc.o(.data)
    .data                                    0x20000024   Section       22  usbd_desc.o(.data)
    .data                                    0x2000003c   Section       16  usbd_cdc_if.o(.data)
    .data                                    0x2000004c   Section        1  sd_diskio.o(.data)
    Stat                                     0x2000004c   Data           1  sd_diskio.o(.data)
    .data                                    0x20000050   Section        8  ff.o(.data)
    Fsid                                     0x20000050   Data           2  ff.o(.data)
    FatFs                                    0x20000054   Data           4  ff.o(.data)
    .data                                    0x20000058   Section        4  stm32f1xx_hal.o(.data)
    .data                                    0x2000005c   Section        4  system_stm32f1xx.o(.data)
    .data                                    0x20000060   Section        1  usbd_ctlreq.o(.data)
    cfgidx                                   0x20000060   Data           1  usbd_ctlreq.o(.data)
    .data                                    0x20000064   Section      219  usbd_cdc.o(.data)
    ifalt                                    0x20000064   Data           1  usbd_cdc.o(.data)
    USBD_CDC_DeviceQualifierDesc             0x20000068   Data          10  usbd_cdc.o(.data)
    .data                                    0x20000140   Section       56  usbd_cdc.o(.data)
    .data                                    0x20000178   Section       21  control.o(.data)
    count                                    0x20000179   Data           1  control.o(.data)
    ctr_byte_chanel                          0x2000017b   Data           1  control.o(.data)
    ctr_repeat                               0x2000017c   Data           1  control.o(.data)
    delay_count                              0x2000017e   Data           2  control.o(.data)
    ctr_long_data_eff                        0x20000180   Data           2  control.o(.data)
    byte_init                                0x20000188   Data           5  control.o(.data)
    .data                                    0x2000018e   Section        4  effect.o(.data)
    byte_chanel                              0x2000018e   Data           1  effect.o(.data)
    repeat                                   0x2000018f   Data           1  effect.o(.data)
    long_data_eff                            0x20000190   Data           2  effect.o(.data)
    .bss                                     0x20000194   Section      132  main.o(.bss)
    .bss                                     0x20000218   Section     1664  usbd_conf.o(.bss)
    mem                                      0x20000218   Data         544  usbd_conf.o(.bss)
    .bss                                     0x20000898   Section      512  usbd_desc.o(.bss)
    .bss                                     0x20000a98   Section      548  usb_device.o(.bss)
    .bss                                     0x20000cbc   Section     4096  usbd_cdc_if.o(.bss)
    .bss                                     0x20001cbc   Section       24  ff.o(.bss)
    Files                                    0x20001cbc   Data          24  ff.o(.bss)
    .bss                                     0x20001cd4   Section       12  ff_gen_drv.o(.bss)
    .bss                                     0x20001ce0   Section     1236  control.o(.bss)
    file_name                                0x200021a0   Data          20  control.o(.bss)
    STACK                                    0x200021b8   Section     1024  startup_stm32f103xe.o(STACK)

    Global Symbols

    Symbol Name                              Value     Ov Type        Size  Object(Section)

    BuildAttributes$$THM_ISAv4$P$D$K$B$S$PE$A:L22UL41UL21$X:L11$S22US41US21$IEEE1$IW$USESV6$~STKCKD$USESV7$~SHL$OSPACE$ROPI$EBA8$MICROLIB$REQ8$PRES8$EABIv2 0x00000000   Number         0  anon$$obj.o ABSOLUTE
    __ARM_use_no_argv                        0x00000000   Number         0  main.o ABSOLUTE
    _printf_a                                0x00000000   Number         0  stubs.o ABSOLUTE
    _printf_c                                0x00000000   Number         0  stubs.o ABSOLUTE
    _printf_charcount                        0x00000000   Number         0  stubs.o ABSOLUTE
    _printf_d                                0x00000000   Number         0  stubs.o ABSOLUTE
    _printf_e                                0x00000000   Number         0  stubs.o ABSOLUTE
    _printf_f                                0x00000000   Number         0  stubs.o ABSOLUTE
    _printf_flags                            0x00000000   Number         0  stubs.o ABSOLUTE
    _printf_fp_dec                           0x00000000   Number         0  stubs.o ABSOLUTE
    _printf_fp_hex                           0x00000000   Number         0  stubs.o ABSOLUTE
    _printf_g                                0x00000000   Number         0  stubs.o ABSOLUTE
    _printf_i                                0x00000000   Number         0  stubs.o ABSOLUTE
    _printf_int_dec                          0x00000000   Number         0  stubs.o ABSOLUTE
    _printf_l                                0x00000000   Number         0  stubs.o ABSOLUTE
    _printf_lc                               0x00000000   Number         0  stubs.o ABSOLUTE
    _printf_ll                               0x00000000   Number         0  stubs.o ABSOLUTE
    _printf_lld                              0x00000000   Number         0  stubs.o ABSOLUTE
    _printf_lli                              0x00000000   Number         0  stubs.o ABSOLUTE
    _printf_llo                              0x00000000   Number         0  stubs.o ABSOLUTE
    _printf_llu                              0x00000000   Number         0  stubs.o ABSOLUTE
    _printf_llx                              0x00000000   Number         0  stubs.o ABSOLUTE
    _printf_longlong_dec                     0x00000000   Number         0  stubs.o ABSOLUTE
    _printf_longlong_hex                     0x00000000   Number         0  stubs.o ABSOLUTE
    _printf_longlong_oct                     0x00000000   Number         0  stubs.o ABSOLUTE
    _printf_ls                               0x00000000   Number         0  stubs.o ABSOLUTE
    _printf_mbtowc                           0x00000000   Number         0  stubs.o ABSOLUTE
    _printf_n                                0x00000000   Number         0  stubs.o ABSOLUTE
    _printf_o                                0x00000000   Number         0  stubs.o ABSOLUTE
    _printf_p                                0x00000000   Number         0  stubs.o ABSOLUTE
    _printf_percent                          0x00000000   Number         0  stubs.o ABSOLUTE
    _printf_pre_padding                      0x00000000   Number         0  stubs.o ABSOLUTE
    _printf_return_value                     0x00000000   Number         0  stubs.o ABSOLUTE
    _printf_s                                0x00000000   Number         0  stubs.o ABSOLUTE
    _printf_sizespec                         0x00000000   Number         0  stubs.o ABSOLUTE
    _printf_str                              0x00000000   Number         0  stubs.o ABSOLUTE
    _printf_truncate_signed                  0x00000000   Number         0  stubs.o ABSOLUTE
    _printf_truncate_unsigned                0x00000000   Number         0  stubs.o ABSOLUTE
    _printf_u                                0x00000000   Number         0  stubs.o ABSOLUTE
    _printf_wc                               0x00000000   Number         0  stubs.o ABSOLUTE
    _printf_wctomb                           0x00000000   Number         0  stubs.o ABSOLUTE
    _printf_widthprec                        0x00000000   Number         0  stubs.o ABSOLUTE
    _printf_x                                0x00000000   Number         0  stubs.o ABSOLUTE
    __cpp_initialize__aeabi_                  - Undefined Weak Reference
    __cxa_finalize                            - Undefined Weak Reference
    _clock_init                               - Undefined Weak Reference
    _microlib_exit                            - Undefined Weak Reference
    __Vectors_Size                           0x00000130   Number         0  startup_stm32f103xe.o ABSOLUTE
    __Vectors                                0x08000000   Data           4  startup_stm32f103xe.o(RESET)
    __Vectors_End                            0x08000130   Data           0  startup_stm32f103xe.o(RESET)
    __main                                   0x08000131   Thumb Code     0  entry.o(.ARM.Collect$$$$00000000)
    _main_stk                                0x08000131   Thumb Code     0  entry2.o(.ARM.Collect$$$$00000001)
    _main_scatterload                        0x08000135   Thumb Code     0  entry5.o(.ARM.Collect$$$$00000004)
    __main_after_scatterload                 0x08000139   Thumb Code     0  entry5.o(.ARM.Collect$$$$00000004)
    _main_clock                              0x08000139   Thumb Code     0  entry7b.o(.ARM.Collect$$$$00000008)
    _main_cpp_init                           0x08000139   Thumb Code     0  entry8b.o(.ARM.Collect$$$$0000000A)
    _main_init                               0x08000139   Thumb Code     0  entry9a.o(.ARM.Collect$$$$0000000B)
    __rt_final_cpp                           0x08000141   Thumb Code     0  entry10a.o(.ARM.Collect$$$$0000000D)
    __rt_final_exit                          0x08000141   Thumb Code     0  entry11a.o(.ARM.Collect$$$$0000000F)
    Reset_Handler                            0x08000145   Thumb Code     8  startup_stm32f103xe.o(.text)
    ADC1_2_IRQHandler                        0x0800015f   Thumb Code     0  startup_stm32f103xe.o(.text)
    ADC3_IRQHandler                          0x0800015f   Thumb Code     0  startup_stm32f103xe.o(.text)
    CAN1_RX1_IRQHandler                      0x0800015f   Thumb Code     0  startup_stm32f103xe.o(.text)
    CAN1_SCE_IRQHandler                      0x0800015f   Thumb Code     0  startup_stm32f103xe.o(.text)
    DMA1_Channel1_IRQHandler                 0x0800015f   Thumb Code     0  startup_stm32f103xe.o(.text)
    DMA1_Channel2_IRQHandler                 0x0800015f   Thumb Code     0  startup_stm32f103xe.o(.text)
    DMA1_Channel3_IRQHandler                 0x0800015f   Thumb Code     0  startup_stm32f103xe.o(.text)
    DMA1_Channel4_IRQHandler                 0x0800015f   Thumb Code     0  startup_stm32f103xe.o(.text)
    DMA1_Channel5_IRQHandler                 0x0800015f   Thumb Code     0  startup_stm32f103xe.o(.text)
    DMA1_Channel6_IRQHandler                 0x0800015f   Thumb Code     0  startup_stm32f103xe.o(.text)
    DMA1_Channel7_IRQHandler                 0x0800015f   Thumb Code     0  startup_stm32f103xe.o(.text)
    DMA2_Channel1_IRQHandler                 0x0800015f   Thumb Code     0  startup_stm32f103xe.o(.text)
    DMA2_Channel2_IRQHandler                 0x0800015f   Thumb Code     0  startup_stm32f103xe.o(.text)
    DMA2_Channel3_IRQHandler                 0x0800015f   Thumb Code     0  startup_stm32f103xe.o(.text)
    DMA2_Channel4_5_IRQHandler               0x0800015f   Thumb Code     0  startup_stm32f103xe.o(.text)
    EXTI0_IRQHandler                         0x0800015f   Thumb Code     0  startup_stm32f103xe.o(.text)
    EXTI15_10_IRQHandler                     0x0800015f   Thumb Code     0  startup_stm32f103xe.o(.text)
    EXTI1_IRQHandler                         0x0800015f   Thumb Code     0  startup_stm32f103xe.o(.text)
    EXTI2_IRQHandler                         0x0800015f   Thumb Code     0  startup_stm32f103xe.o(.text)
    EXTI3_IRQHandler                         0x0800015f   Thumb Code     0  startup_stm32f103xe.o(.text)
    EXTI4_IRQHandler                         0x0800015f   Thumb Code     0  startup_stm32f103xe.o(.text)
    EXTI9_5_IRQHandler                       0x0800015f   Thumb Code     0  startup_stm32f103xe.o(.text)
    FLASH_IRQHandler                         0x0800015f   Thumb Code     0  startup_stm32f103xe.o(.text)
    FSMC_IRQHandler                          0x0800015f   Thumb Code     0  startup_stm32f103xe.o(.text)
    I2C1_ER_IRQHandler                       0x0800015f   Thumb Code     0  startup_stm32f103xe.o(.text)
    I2C1_EV_IRQHandler                       0x0800015f   Thumb Code     0  startup_stm32f103xe.o(.text)
    I2C2_ER_IRQHandler                       0x0800015f   Thumb Code     0  startup_stm32f103xe.o(.text)
    I2C2_EV_IRQHandler                       0x0800015f   Thumb Code     0  startup_stm32f103xe.o(.text)
    PVD_IRQHandler                           0x0800015f   Thumb Code     0  startup_stm32f103xe.o(.text)
    RCC_IRQHandler                           0x0800015f   Thumb Code     0  startup_stm32f103xe.o(.text)
    RTC_Alarm_IRQHandler                     0x0800015f   Thumb Code     0  startup_stm32f103xe.o(.text)
    RTC_IRQHandler                           0x0800015f   Thumb Code     0  startup_stm32f103xe.o(.text)
    SPI1_IRQHandler                          0x0800015f   Thumb Code     0  startup_stm32f103xe.o(.text)
    SPI2_IRQHandler                          0x0800015f   Thumb Code     0  startup_stm32f103xe.o(.text)
    SPI3_IRQHandler                          0x0800015f   Thumb Code     0  startup_stm32f103xe.o(.text)
    TAMPER_IRQHandler                        0x0800015f   Thumb Code     0  startup_stm32f103xe.o(.text)
    TIM1_BRK_IRQHandler                      0x0800015f   Thumb Code     0  startup_stm32f103xe.o(.text)
    TIM1_CC_IRQHandler                       0x0800015f   Thumb Code     0  startup_stm32f103xe.o(.text)
    TIM1_TRG_COM_IRQHandler                  0x0800015f   Thumb Code     0  startup_stm32f103xe.o(.text)
    TIM1_UP_IRQHandler                       0x0800015f   Thumb Code     0  startup_stm32f103xe.o(.text)
    TIM2_IRQHandler                          0x0800015f   Thumb Code     0  startup_stm32f103xe.o(.text)
    TIM3_IRQHandler                          0x0800015f   Thumb Code     0  startup_stm32f103xe.o(.text)
    TIM4_IRQHandler                          0x0800015f   Thumb Code     0  startup_stm32f103xe.o(.text)
    TIM5_IRQHandler                          0x0800015f   Thumb Code     0  startup_stm32f103xe.o(.text)
    TIM6_IRQHandler                          0x0800015f   Thumb Code     0  startup_stm32f103xe.o(.text)
    TIM7_IRQHandler                          0x0800015f   Thumb Code     0  startup_stm32f103xe.o(.text)
    TIM8_BRK_IRQHandler                      0x0800015f   Thumb Code     0  startup_stm32f103xe.o(.text)
    TIM8_CC_IRQHandler                       0x0800015f   Thumb Code     0  startup_stm32f103xe.o(.text)
    TIM8_TRG_COM_IRQHandler                  0x0800015f   Thumb Code     0  startup_stm32f103xe.o(.text)
    TIM8_UP_IRQHandler                       0x0800015f   Thumb Code     0  startup_stm32f103xe.o(.text)
    UART4_IRQHandler                         0x0800015f   Thumb Code     0  startup_stm32f103xe.o(.text)
    UART5_IRQHandler                         0x0800015f   Thumb Code     0  startup_stm32f103xe.o(.text)
    USART1_IRQHandler                        0x0800015f   Thumb Code     0  startup_stm32f103xe.o(.text)
    USART2_IRQHandler                        0x0800015f   Thumb Code     0  startup_stm32f103xe.o(.text)
    USART3_IRQHandler                        0x0800015f   Thumb Code     0  startup_stm32f103xe.o(.text)
    USBWakeUp_IRQHandler                     0x0800015f   Thumb Code     0  startup_stm32f103xe.o(.text)
    USB_HP_CAN1_TX_IRQHandler                0x0800015f   Thumb Code     0  startup_stm32f103xe.o(.text)
    WWDG_IRQHandler                          0x0800015f   Thumb Code     0  startup_stm32f103xe.o(.text)
    __aeabi_memcpy                           0x08000169   Thumb Code    36  memcpya.o(.text)
    __aeabi_memcpy4                          0x08000169   Thumb Code     0  memcpya.o(.text)
    __aeabi_memcpy8                          0x08000169   Thumb Code     0  memcpya.o(.text)
    __aeabi_uidiv                            0x0800018d   Thumb Code     0  uidiv.o(.text)
    __aeabi_uidivmod                         0x0800018d   Thumb Code    44  uidiv.o(.text)
    __scatterload                            0x080001b9   Thumb Code    28  init.o(.text)
    __scatterload_rt2                        0x080001b9   Thumb Code     0  init.o(.text)
    __decompress                             0x080001dd   Thumb Code     0  __dczerorl2.o(.text)
    __decompress1                            0x080001dd   Thumb Code    86  __dczerorl2.o(.text)
    BSP_SD_GetCardInfo                       0x08000235   Thumb Code     8  bsp_driver_sd.o(i.BSP_SD_GetCardInfo)
    BSP_SD_GetCardState                      0x08000241   Thumb Code    20  bsp_driver_sd.o(i.BSP_SD_GetCardState)
    BSP_SD_Init                              0x08000259   Thumb Code    30  bsp_driver_sd.o(i.BSP_SD_Init)
    BSP_SD_ReadBlocks                        0x0800027d   Thumb Code    26  bsp_driver_sd.o(i.BSP_SD_ReadBlocks)
    BSP_SD_WriteBlocks                       0x0800029d   Thumb Code    26  bsp_driver_sd.o(i.BSP_SD_WriteBlocks)
    BusFault_Handler                         0x080002bd   Thumb Code     2  stm32f1xx_it.o(i.BusFault_Handler)
    CD4094_Clock                             0x080002c1   Thumb Code    34  cd4094.o(i.CD4094_Clock)
    CD4094_InByte                            0x080002e9   Thumb Code   162  cd4094.o(i.CD4094_InByte)
    CD4094_Latch                             0x08000391   Thumb Code    34  cd4094.o(i.CD4094_Latch)
    DebugMon_Handler                         0x080003fd   Thumb Code     2  stm32f1xx_it.o(i.DebugMon_Handler)
    FATFS_LinkDriver                         0x080003ff   Thumb Code     6  ff_gen_drv.o(i.FATFS_LinkDriver)
    FATFS_LinkDriverEx                       0x08000405   Thumb Code    60  ff_gen_drv.o(i.FATFS_LinkDriverEx)
    HAL_DMA_Abort_IT                         0x08000445   Thumb Code   296  stm32f1xx_hal_dma.o(i.HAL_DMA_Abort_IT)
    HAL_Delay                                0x08000575   Thumb Code    28  stm32f1xx_hal.o(i.HAL_Delay)
    HAL_GPIO_Init                            0x08000591   Thumb Code   446  stm32f1xx_hal_gpio.o(i.HAL_GPIO_Init)
    HAL_GPIO_ReadPin                         0x08000779   Thumb Code    10  stm32f1xx_hal_gpio.o(i.HAL_GPIO_ReadPin)
    HAL_GPIO_TogglePin                       0x08000783   Thumb Code     8  stm32f1xx_hal_gpio.o(i.HAL_GPIO_TogglePin)
    HAL_GPIO_WritePin                        0x0800078b   Thumb Code    10  stm32f1xx_hal_gpio.o(i.HAL_GPIO_WritePin)
    HAL_GetTick                              0x08000795   Thumb Code     6  stm32f1xx_hal.o(i.HAL_GetTick)
    HAL_IncTick                              0x080007a1   Thumb Code    10  stm32f1xx_hal.o(i.HAL_IncTick)
    HAL_Init                                 0x080007b1   Thumb Code    32  stm32f1xx_hal.o(i.HAL_Init)
    HAL_InitTick                             0x080007d5   Thumb Code    34  stm32f1xx_hal.o(i.HAL_InitTick)
    HAL_MspInit                              0x080007fd   Thumb Code   138  stm32f1xx_hal_msp.o(i.HAL_MspInit)
    HAL_NVIC_EnableIRQ                       0x08000891   Thumb Code    22  stm32f1xx_hal_cortex.o(i.HAL_NVIC_EnableIRQ)
    HAL_NVIC_SetPriority                     0x080008a9   Thumb Code    60  stm32f1xx_hal_cortex.o(i.HAL_NVIC_SetPriority)
    HAL_NVIC_SetPriorityGrouping             0x080008e9   Thumb Code    26  stm32f1xx_hal_cortex.o(i.HAL_NVIC_SetPriorityGrouping)
    HAL_PCDEx_PMAConfig                      0x0800090d   Thumb Code    52  stm32f1xx_hal_pcd_ex.o(i.HAL_PCDEx_PMAConfig)
    HAL_PCDEx_SetConnectionState             0x08000941   Thumb Code     2  usbd_conf.o(i.HAL_PCDEx_SetConnectionState)
    HAL_PCD_DataInStageCallback              0x08000943   Thumb Code    14  usbd_conf.o(i.HAL_PCD_DataInStageCallback)
    HAL_PCD_DataOutStageCallback             0x08000951   Thumb Code    16  usbd_conf.o(i.HAL_PCD_DataOutStageCallback)
    HAL_PCD_EP_Close                         0x08000961   Thumb Code    64  stm32f1xx_hal_pcd.o(i.HAL_PCD_EP_Close)
    HAL_PCD_EP_ClrStall                      0x080009a1   Thumb Code    72  stm32f1xx_hal_pcd.o(i.HAL_PCD_EP_ClrStall)
    HAL_PCD_EP_GetRxCount                    0x080009e9   Thumb Code    16  stm32f1xx_hal_pcd.o(i.HAL_PCD_EP_GetRxCount)
    HAL_PCD_EP_Open                          0x080009f9   Thumb Code    68  stm32f1xx_hal_pcd.o(i.HAL_PCD_EP_Open)
    HAL_PCD_EP_Receive                       0x08000a3d   Thumb Code    46  stm32f1xx_hal_pcd.o(i.HAL_PCD_EP_Receive)
    HAL_PCD_EP_SetStall                      0x08000a6b   Thumb Code    86  stm32f1xx_hal_pcd.o(i.HAL_PCD_EP_SetStall)
    HAL_PCD_EP_Transmit                      0x08000ac1   Thumb Code    42  stm32f1xx_hal_pcd.o(i.HAL_PCD_EP_Transmit)
    HAL_PCD_IRQHandler                       0x08000aeb   Thumb Code   268  stm32f1xx_hal_pcd.o(i.HAL_PCD_IRQHandler)
    HAL_PCD_Init                             0x08000bf9   Thumb Code   192  stm32f1xx_hal_pcd.o(i.HAL_PCD_Init)
    HAL_PCD_MspInit                          0x08000cb9   Thumb Code    50  usbd_conf.o(i.HAL_PCD_MspInit)
    HAL_PCD_ResetCallback                    0x08000cf5   Thumb Code    26  usbd_conf.o(i.HAL_PCD_ResetCallback)
    HAL_PCD_ResumeCallback                   0x08000d0f   Thumb Code     8  usbd_conf.o(i.HAL_PCD_ResumeCallback)
    HAL_PCD_SOFCallback                      0x08000d17   Thumb Code     8  usbd_conf.o(i.HAL_PCD_SOFCallback)
    HAL_PCD_SetAddress                       0x08000d1f   Thumb Code    40  stm32f1xx_hal_pcd.o(i.HAL_PCD_SetAddress)
    HAL_PCD_SetupStageCallback               0x08000d47   Thumb Code    14  usbd_conf.o(i.HAL_PCD_SetupStageCallback)
    HAL_PCD_Start                            0x08000d55   Thumb Code    50  stm32f1xx_hal_pcd.o(i.HAL_PCD_Start)
    HAL_PCD_SuspendCallback                  0x08000d89   Thumb Code    30  usbd_conf.o(i.HAL_PCD_SuspendCallback)
    HAL_RCCEx_PeriphCLKConfig                0x08000dad   Thumb Code   224  stm32f1xx_hal_rcc_ex.o(i.HAL_RCCEx_PeriphCLKConfig)
    HAL_RCC_ClockConfig                      0x08000e99   Thumb Code   322  stm32f1xx_hal_rcc.o(i.HAL_RCC_ClockConfig)
    HAL_RCC_GetHCLKFreq                      0x08000fed   Thumb Code     6  stm32f1xx_hal_rcc.o(i.HAL_RCC_GetHCLKFreq)
    HAL_RCC_GetSysClockFreq                  0x08000ff9   Thumb Code    74  stm32f1xx_hal_rcc.o(i.HAL_RCC_GetSysClockFreq)
    HAL_RCC_OscConfig                        0x08001065   Thumb Code   750  stm32f1xx_hal_rcc.o(i.HAL_RCC_OscConfig)
    HAL_SD_AbortCallback                     0x08001369   Thumb Code     2  stm32f1xx_hal_sd.o(i.HAL_SD_AbortCallback)
    HAL_SD_ErrorCallback                     0x0800136b   Thumb Code     2  stm32f1xx_hal_sd.o(i.HAL_SD_ErrorCallback)
    HAL_SD_GetCardCSD                        0x0800136d   Thumb Code   474  stm32f1xx_hal_sd.o(i.HAL_SD_GetCardCSD)
    HAL_SD_GetCardInfo                       0x08001547   Thumb Code    36  stm32f1xx_hal_sd.o(i.HAL_SD_GetCardInfo)
    HAL_SD_GetCardState                      0x0800156b   Thumb Code    44  stm32f1xx_hal_sd.o(i.HAL_SD_GetCardState)
    HAL_SD_IRQHandler                        0x08001599   Thumb Code   438  stm32f1xx_hal_sd.o(i.HAL_SD_IRQHandler)
    HAL_SD_Init                              0x08001759   Thumb Code    54  stm32f1xx_hal_sd.o(i.HAL_SD_Init)
    HAL_SD_InitCard                          0x08001791   Thumb Code    80  stm32f1xx_hal_sd.o(i.HAL_SD_InitCard)
    HAL_SD_MspInit                           0x080017e5   Thumb Code    88  stm32f1xx_hal_msp.o(i.HAL_SD_MspInit)
    HAL_SD_ReadBlocks                        0x0800184d   Thumb Code   434  stm32f1xx_hal_sd.o(i.HAL_SD_ReadBlocks)
    HAL_SD_RxCpltCallback                    0x080019ff   Thumb Code     2  stm32f1xx_hal_sd.o(i.HAL_SD_RxCpltCallback)
    HAL_SD_TxCpltCallback                    0x08001a01   Thumb Code     2  stm32f1xx_hal_sd.o(i.HAL_SD_TxCpltCallback)
    HAL_SD_WriteBlocks                       0x08001a05   Thumb Code   410  stm32f1xx_hal_sd.o(i.HAL_SD_WriteBlocks)
    HAL_SYSTICK_CLKSourceConfig              0x08001b9f   Thumb Code    24  stm32f1xx_hal_cortex.o(i.HAL_SYSTICK_CLKSourceConfig)
    HAL_SYSTICK_Callback                     0x08001bb7   Thumb Code     2  stm32f1xx_hal_cortex.o(i.HAL_SYSTICK_Callback)
    HAL_SYSTICK_Config                       0x08001bb9   Thumb Code    40  stm32f1xx_hal_cortex.o(i.HAL_SYSTICK_Config)
    HAL_SYSTICK_IRQHandler                   0x08001be1   Thumb Code     8  stm32f1xx_hal_cortex.o(i.HAL_SYSTICK_IRQHandler)
    HardFault_Handler                        0x08001be9   Thumb Code     2  stm32f1xx_it.o(i.HardFault_Handler)
    MX_FATFS_Init                            0x08001bed   Thumb Code    18  fatfs.o(i.MX_FATFS_Init)
    MX_USB_DEVICE_Init                       0x08001cc9   Thumb Code    38  usb_device.o(i.MX_USB_DEVICE_Init)
    MemManage_Handler                        0x08001d01   Thumb Code     2  stm32f1xx_it.o(i.MemManage_Handler)
    NMI_Handler                              0x08001d03   Thumb Code     2  stm32f1xx_it.o(i.NMI_Handler)
    PendSV_Handler                           0x08002087   Thumb Code     2  stm32f1xx_it.o(i.PendSV_Handler)
    SDIO_ConfigData                          0x08002089   Thumb Code    36  stm32f1xx_ll_sdmmc.o(i.SDIO_ConfigData)
    SDIO_GetPowerState                       0x080020ad   Thumb Code     8  stm32f1xx_ll_sdmmc.o(i.SDIO_GetPowerState)
    SDIO_GetResponse                         0x080020b5   Thumb Code    12  stm32f1xx_ll_sdmmc.o(i.SDIO_GetResponse)
    SDIO_IRQHandler                          0x080020c1   Thumb Code     6  stm32f1xx_it.o(i.SDIO_IRQHandler)
    SDIO_Init                                0x080020cd   Thumb Code    36  stm32f1xx_ll_sdmmc.o(i.SDIO_Init)
    SDIO_PowerState_ON                       0x080020f1   Thumb Code     8  stm32f1xx_ll_sdmmc.o(i.SDIO_PowerState_ON)
    SDIO_ReadFIFO                            0x080020f9   Thumb Code     6  stm32f1xx_ll_sdmmc.o(i.SDIO_ReadFIFO)
    SDIO_SendCommand                         0x080020ff   Thumb Code    32  stm32f1xx_ll_sdmmc.o(i.SDIO_SendCommand)
    SDIO_WriteFIFO                           0x0800211f   Thumb Code    10  stm32f1xx_ll_sdmmc.o(i.SDIO_WriteFIFO)
    SDMMC_CmdAppCommand                      0x08002129   Thumb Code    50  stm32f1xx_ll_sdmmc.o(i.SDMMC_CmdAppCommand)
    SDMMC_CmdAppOperCommand                  0x0800215d   Thumb Code    48  stm32f1xx_ll_sdmmc.o(i.SDMMC_CmdAppOperCommand)
    SDMMC_CmdBlockLength                     0x08002191   Thumb Code    50  stm32f1xx_ll_sdmmc.o(i.SDMMC_CmdBlockLength)
    SDMMC_CmdGoIdleState                     0x080021c5   Thumb Code    76  stm32f1xx_ll_sdmmc.o(i.SDMMC_CmdGoIdleState)
    SDMMC_CmdOperCond                        0x08002215   Thumb Code    98  stm32f1xx_ll_sdmmc.o(i.SDMMC_CmdOperCond)
    SDMMC_CmdReadMultiBlock                  0x0800227d   Thumb Code    50  stm32f1xx_ll_sdmmc.o(i.SDMMC_CmdReadMultiBlock)
    SDMMC_CmdReadSingleBlock                 0x080022af   Thumb Code    50  stm32f1xx_ll_sdmmc.o(i.SDMMC_CmdReadSingleBlock)
    SDMMC_CmdSelDesel                        0x080022e1   Thumb Code    50  stm32f1xx_ll_sdmmc.o(i.SDMMC_CmdSelDesel)
    SDMMC_CmdSendCID                         0x08002313   Thumb Code    44  stm32f1xx_ll_sdmmc.o(i.SDMMC_CmdSendCID)
    SDMMC_CmdSendCSD                         0x0800233f   Thumb Code    44  stm32f1xx_ll_sdmmc.o(i.SDMMC_CmdSendCSD)
    SDMMC_CmdSendStatus                      0x0800236b   Thumb Code    50  stm32f1xx_ll_sdmmc.o(i.SDMMC_CmdSendStatus)
    SDMMC_CmdSetRelAdd                       0x0800239d   Thumb Code    48  stm32f1xx_ll_sdmmc.o(i.SDMMC_CmdSetRelAdd)
    SDMMC_CmdStopTransfer                    0x080023cd   Thumb Code    46  stm32f1xx_ll_sdmmc.o(i.SDMMC_CmdStopTransfer)
    SDMMC_CmdWriteMultiBlock                 0x08002401   Thumb Code    50  stm32f1xx_ll_sdmmc.o(i.SDMMC_CmdWriteMultiBlock)
    SDMMC_CmdWriteSingleBlock                0x08002433   Thumb Code    50  stm32f1xx_ll_sdmmc.o(i.SDMMC_CmdWriteSingleBlock)
    SD_initialize                            0x080028ad   Thumb Code    26  sd_diskio.o(i.SD_initialize)
    SD_ioctl                                 0x080028cd   Thumb Code    74  sd_diskio.o(i.SD_ioctl)
    SD_read                                  0x0800291d   Thumb Code    52  sd_diskio.o(i.SD_read)
    SD_status                                0x08002959   Thumb Code    26  sd_diskio.o(i.SD_status)
    SD_write                                 0x08002979   Thumb Code    52  sd_diskio.o(i.SD_write)
    SVC_Handler                              0x080029b5   Thumb Code     2  stm32f1xx_it.o(i.SVC_Handler)
    SysTick_Handler                          0x080029b7   Thumb Code    14  stm32f1xx_it.o(i.SysTick_Handler)
    SystemClock_Config                       0x080029c5   Thumb Code   120  main.o(i.SystemClock_Config)
    SystemInit                               0x08002a3d   Thumb Code    56  system_stm32f1xx.o(i.SystemInit)
    USBD_CDC_GetDeviceQualifierDescriptor    0x08002b29   Thumb Code     8  usbd_cdc.o(i.USBD_CDC_GetDeviceQualifierDescriptor)
    USBD_CDC_ReceivePacket                   0x08002be1   Thumb Code    40  usbd_cdc.o(i.USBD_CDC_ReceivePacket)
    USBD_CDC_RegisterInterface               0x08002c09   Thumb Code    16  usbd_cdc.o(i.USBD_CDC_RegisterInterface)
    USBD_CDC_SetRxBuffer                     0x08002c19   Thumb Code    12  usbd_cdc.o(i.USBD_CDC_SetRxBuffer)
    USBD_CDC_SetTxBuffer                     0x08002c25   Thumb Code    16  usbd_cdc.o(i.USBD_CDC_SetTxBuffer)
    USBD_ClrClassConfig                      0x08002ca5   Thumb Code    14  usbd_core.o(i.USBD_ClrClassConfig)
    USBD_CtlContinueRx                       0x08002cb3   Thumb Code    16  usbd_ioreq.o(i.USBD_CtlContinueRx)
    USBD_CtlContinueSendData                 0x08002cc3   Thumb Code    16  usbd_ioreq.o(i.USBD_CtlContinueSendData)
    USBD_CtlError                            0x08002cd3   Thumb Code    22  usbd_ctlreq.o(i.USBD_CtlError)
    USBD_CtlPrepareRx                        0x08002ce9   Thumb Code    30  usbd_ioreq.o(i.USBD_CtlPrepareRx)
    USBD_CtlReceiveStatus                    0x08002d07   Thumb Code    22  usbd_ioreq.o(i.USBD_CtlReceiveStatus)
    USBD_CtlSendData                         0x08002d1d   Thumb Code    26  usbd_ioreq.o(i.USBD_CtlSendData)
    USBD_CtlSendStatus                       0x08002d37   Thumb Code    22  usbd_ioreq.o(i.USBD_CtlSendStatus)
    USBD_FS_ConfigStrDescriptor              0x08002d4d   Thumb Code    16  usbd_desc.o(i.USBD_FS_ConfigStrDescriptor)
    USBD_FS_DeviceDescriptor                 0x08002d6d   Thumb Code     8  usbd_desc.o(i.USBD_FS_DeviceDescriptor)
    USBD_FS_InterfaceStrDescriptor           0x08002d79   Thumb Code    16  usbd_desc.o(i.USBD_FS_InterfaceStrDescriptor)
    USBD_FS_LangIDStrDescriptor              0x08002d9d   Thumb Code     8  usbd_desc.o(i.USBD_FS_LangIDStrDescriptor)
    USBD_FS_ManufacturerStrDescriptor        0x08002da9   Thumb Code    16  usbd_desc.o(i.USBD_FS_ManufacturerStrDescriptor)
    USBD_FS_ProductStrDescriptor             0x08002dd1   Thumb Code    16  usbd_desc.o(i.USBD_FS_ProductStrDescriptor)
    USBD_FS_SerialStrDescriptor              0x08002dfd   Thumb Code    16  usbd_desc.o(i.USBD_FS_SerialStrDescriptor)
    USBD_GetString                           0x08002f01   Thumb Code    70  usbd_ctlreq.o(i.USBD_GetString)
    USBD_Init                                0x08002f47   Thumb Code    42  usbd_core.o(i.USBD_Init)
    USBD_LL_ClearStallEP                     0x08002f71   Thumb Code    32  usbd_conf.o(i.USBD_LL_ClearStallEP)
    USBD_LL_CloseEP                          0x08002f91   Thumb Code    32  usbd_conf.o(i.USBD_LL_CloseEP)
    USBD_LL_DataInStage                      0x08002fb1   Thumb Code   170  usbd_core.o(i.USBD_LL_DataInStage)
    USBD_LL_DataOutStage                     0x0800305b   Thumb Code   106  usbd_core.o(i.USBD_LL_DataOutStage)
    USBD_LL_GetRxDataSize                    0x080030c5   Thumb Code     8  usbd_conf.o(i.USBD_LL_GetRxDataSize)
    USBD_LL_Init                             0x080030cd   Thumb Code   130  usbd_conf.o(i.USBD_LL_Init)
    USBD_LL_IsStallEP                        0x0800316d   Thumb Code    28  usbd_conf.o(i.USBD_LL_IsStallEP)
    USBD_LL_OpenEP                           0x08003189   Thumb Code    38  usbd_conf.o(i.USBD_LL_OpenEP)
    USBD_LL_PrepareReceive                   0x080031af   Thumb Code    32  usbd_conf.o(i.USBD_LL_PrepareReceive)
    USBD_LL_Reset                            0x080031cf   Thumb Code    62  usbd_core.o(i.USBD_LL_Reset)
    USBD_LL_Resume                           0x0800320d   Thumb Code    12  usbd_core.o(i.USBD_LL_Resume)
    USBD_LL_SOF                              0x08003219   Thumb Code    24  usbd_core.o(i.USBD_LL_SOF)
    USBD_LL_SetSpeed                         0x08003231   Thumb Code     6  usbd_core.o(i.USBD_LL_SetSpeed)
    USBD_LL_SetUSBAddress                    0x08003237   Thumb Code    32  usbd_conf.o(i.USBD_LL_SetUSBAddress)
    USBD_LL_SetupStage                       0x08003257   Thumb Code    90  usbd_core.o(i.USBD_LL_SetupStage)
    USBD_LL_StallEP                          0x080032b1   Thumb Code    32  usbd_conf.o(i.USBD_LL_StallEP)
    USBD_LL_Start                            0x080032d1   Thumb Code    32  usbd_conf.o(i.USBD_LL_Start)
    USBD_LL_Suspend                          0x080032f1   Thumb Code    18  usbd_core.o(i.USBD_LL_Suspend)
    USBD_LL_Transmit                         0x08003303   Thumb Code    32  usbd_conf.o(i.USBD_LL_Transmit)
    USBD_ParseSetupRequest                   0x08003323   Thumb Code    40  usbd_ctlreq.o(i.USBD_ParseSetupRequest)
    USBD_RegisterClass                       0x0800334b   Thumb Code    16  usbd_core.o(i.USBD_RegisterClass)
    USBD_SetClassConfig                      0x0800335b   Thumb Code    22  usbd_core.o(i.USBD_SetClassConfig)
    USBD_Start                               0x080033e5   Thumb Code    10  usbd_core.o(i.USBD_Start)
    USBD_StdDevReq                           0x080033ef   Thumb Code   242  usbd_ctlreq.o(i.USBD_StdDevReq)
    USBD_StdEPReq                            0x080034e1   Thumb Code   220  usbd_ctlreq.o(i.USBD_StdEPReq)
    USBD_StdItfReq                           0x080035bd   Thumb Code    52  usbd_ctlreq.o(i.USBD_StdItfReq)
    USBD_static_free                         0x080035f1   Thumb Code     2  usbd_conf.o(i.USBD_static_free)
    USBD_static_malloc                       0x080035f5   Thumb Code     4  usbd_conf.o(i.USBD_static_malloc)
    USB_ActivateEndpoint                     0x080035fd   Thumb Code   604  stm32f1xx_ll_usb.o(i.USB_ActivateEndpoint)
    USB_CoreInit                             0x08003859   Thumb Code     4  stm32f1xx_ll_usb.o(i.USB_CoreInit)
    USB_DeactivateEndpoint                   0x0800385d   Thumb Code   292  stm32f1xx_ll_usb.o(i.USB_DeactivateEndpoint)
    USB_DevConnect                           0x08003981   Thumb Code     4  stm32f1xx_ll_usb.o(i.USB_DevConnect)
    USB_DevDisconnect                        0x08003985   Thumb Code     4  stm32f1xx_ll_usb.o(i.USB_DevDisconnect)
    USB_DevInit                              0x08003989   Thumb Code    30  stm32f1xx_ll_usb.o(i.USB_DevInit)
    USB_DisableGlobalInt                     0x080039a7   Thumb Code    14  stm32f1xx_ll_usb.o(i.USB_DisableGlobalInt)
    USB_EP0_OutStart                         0x080039b5   Thumb Code     4  stm32f1xx_ll_usb.o(i.USB_EP0_OutStart)
    USB_EPClearStall                         0x080039b9   Thumb Code   106  stm32f1xx_ll_usb.o(i.USB_EPClearStall)
    USB_EPSetStall                           0x08003a23   Thumb Code    74  stm32f1xx_ll_usb.o(i.USB_EPSetStall)
    USB_EPStartXfer                          0x08003a6d   Thumb Code   426  stm32f1xx_ll_usb.o(i.USB_EPStartXfer)
    USB_EnableGlobalInt                      0x08003c17   Thumb Code    14  stm32f1xx_ll_usb.o(i.USB_EnableGlobalInt)
    USB_LP_CAN1_RX0_IRQHandler               0x08003c25   Thumb Code     6  stm32f1xx_it.o(i.USB_LP_CAN1_RX0_IRQHandler)
    USB_ReadInterrupts                       0x08003c31   Thumb Code     6  stm32f1xx_ll_usb.o(i.USB_ReadInterrupts)
    USB_ReadPMA                              0x08003c39   Thumb Code    30  stm32f1xx_ll_usb.o(i.USB_ReadPMA)
    USB_SetCurrentMode                       0x08003c57   Thumb Code     4  stm32f1xx_ll_usb.o(i.USB_SetCurrentMode)
    USB_SetDevAddress                        0x08003c5b   Thumb Code    12  stm32f1xx_ll_usb.o(i.USB_SetDevAddress)
    USB_WritePMA                             0x08003c67   Thumb Code    38  stm32f1xx_ll_usb.o(i.USB_WritePMA)
    UsageFault_Handler                       0x08003c8d   Thumb Code     2  stm32f1xx_it.o(i.UsageFault_Handler)
    _Error_Handler                           0x08003c8f   Thumb Code     2  main.o(i._Error_Handler)
    __0sprintf$1                             0x08003c91   Thumb Code    34  printf1.o(i.__0sprintf$1)
    __1sprintf$1                             0x08003c91   Thumb Code     0  printf1.o(i.__0sprintf$1)
    __2sprintf                               0x08003c91   Thumb Code     0  printf1.o(i.__0sprintf$1)
    __scatterload_copy                       0x08003cb9   Thumb Code    14  handlers.o(i.__scatterload_copy)
    __scatterload_null                       0x08003cc7   Thumb Code     2  handlers.o(i.__scatterload_null)
    __scatterload_zeroinit                   0x08003cc9   Thumb Code    14  handlers.o(i.__scatterload_zeroinit)
    clust2sect                               0x08003f53   Thumb Code    30  ff.o(i.clust2sect)
    control                                  0x08003f71   Thumb Code    30  control.o(i.control)
    control_main_eff                         0x08003f9d   Thumb Code   196  control.o(i.control_main_eff)
    disk_initialize                          0x080044a1   Thumb Code    36  diskio.o(i.disk_initialize)
    disk_ioctl                               0x080044c9   Thumb Code    24  diskio.o(i.disk_ioctl)
    disk_read                                0x080044e5   Thumb Code    24  diskio.o(i.disk_read)
    disk_status                              0x08004501   Thumb Code    18  diskio.o(i.disk_status)
    disk_write                               0x08004519   Thumb Code    24  diskio.o(i.disk_write)
    eff_init                                 0x08004535   Thumb Code    10  effect.o(i.eff_init)
    f_close                                  0x08004545   Thumb Code    42  ff.o(i.f_close)
    f_mount                                  0x08004571   Thumb Code    88  ff.o(i.f_mount)
    f_open                                   0x080045cd   Thumb Code   412  ff.o(i.f_open)
    f_read                                   0x0800476d   Thumb Code   396  ff.o(i.f_read)
    f_sync                                   0x080048f9   Thumb Code   184  ff.o(i.f_sync)
    get_fat                                  0x08004cc9   Thumb Code   194  ff.o(i.get_fat)
    get_fattime                              0x08004d8b   Thumb Code     4  fatfs.o(i.get_fattime)
    input_chanel                             0x08004e6d   Thumb Code    64  effect.o(i.input_chanel)
    main                                     0x08004ecd   Thumb Code    46  main.o(i.main)
    put_fat                                  0x08004f5b   Thumb Code   248  ff.o(i.put_fat)
    read_byte_init                           0x08005055   Thumb Code    52  control.o(i.read_byte_init)
    shadow_data                              0x080050ff   Thumb Code    20  effect.o(i.shadow_data)
    SD_Driver                                0x08005264   Data          20  sd_diskio.o(.constdata)
    AHBPrescTable                            0x08005324   Data          16  system_stm32f1xx.o(.constdata)
    Region$$Table$$Base                      0x08005334   Number         0  anon$$obj.o(Region$$Table)
    Region$$Table$$Limit                     0x08005354   Number         0  anon$$obj.o(Region$$Table)
    retSD                                    0x20000000   Data           1  fatfs.o(.data)
    SDPath                                   0x20000001   Data           4  fatfs.o(.data)
    FS_Desc                                  0x20000008   Data          28  usbd_desc.o(.data)
    USBD_LangIDDesc                          0x20000024   Data           4  usbd_desc.o(.data)
    USBD_FS_DeviceDesc                       0x20000028   Data          18  usbd_desc.o(.data)
    USBD_Interface_fops_FS                   0x2000003c   Data          16  usbd_cdc_if.o(.data)
    uwTick                                   0x20000058   Data           4  stm32f1xx_hal.o(.data)
    SystemCoreClock                          0x2000005c   Data           4  system_stm32f1xx.o(.data)
    USBD_CDC_CfgHSDesc                       0x20000074   Data          67  usbd_cdc.o(.data)
    USBD_CDC_CfgFSDesc                       0x200000b8   Data          67  usbd_cdc.o(.data)
    USBD_CDC_OtherSpeedCfgDesc               0x200000fc   Data          67  usbd_cdc.o(.data)
    USBD_CDC                                 0x20000140   Data          56  usbd_cdc.o(.data)
    chanel_current                           0x20000178   Data           1  control.o(.data)
    fresult                                  0x2000017a   Data           1  control.o(.data)
    br                                       0x20000184   Data           4  control.o(.data)
    hsd                                      0x20000194   Data         132  main.o(.bss)
    hpcd_USB_FS                              0x20000438   Data        1120  usbd_conf.o(.bss)
    USBD_StrDesc                             0x20000898   Data         512  usbd_desc.o(.bss)
    hUsbDeviceFS                             0x20000a98   Data         548  usb_device.o(.bss)
    UserRxBufferFS                           0x20000cbc   Data        2048  usbd_cdc_if.o(.bss)
    UserTxBufferFS                           0x200014bc   Data        2048  usbd_cdc_if.o(.bss)
    disk                                     0x20001cd4   Data          12  ff_gen_drv.o(.bss)
    fatfs                                    0x20001ce0   Data         560  control.o(.bss)
    myfile                                   0x20001f10   Data         556  control.o(.bss)
    byte_data                                0x2000213c   Data         100  control.o(.bss)
    __initial_sp                             0x200025b8   Data           0  startup_stm32f103xe.o(STACK)



==============================================================================

Memory Map of the image

  Image Entry point : 0x08000131

  Load Region LR_IROM1 (Base: 0x08000000, Size: 0x000054e8, Max: 0x00060000, ABSOLUTE, COMPRESSED[0x00005414])

    Execution Region ER_IROM1 (Exec base: 0x08000000, Load base: 0x08000000, Size: 0x00005354, Max: 0x00060000, ABSOLUTE)

    Exec Addr    Load Addr    Size         Type   Attr      Idx    E Section Name        Object

    0x08000000   0x08000000   0x00000130   Data   RO          830    RESET               startup_stm32f103xe.o
    0x08000130   0x08000130   0x00000000   Code   RO         3777  * .ARM.Collect$$$$00000000  mc_w.l(entry.o)
    0x08000130   0x08000130   0x00000004   Code   RO         4047    .ARM.Collect$$$$00000001  mc_w.l(entry2.o)
    0x08000134   0x08000134   0x00000004   Code   RO         4050    .ARM.Collect$$$$00000004  mc_w.l(entry5.o)
    0x08000138   0x08000138   0x00000000   Code   RO         4052    .ARM.Collect$$$$00000008  mc_w.l(entry7b.o)
    0x08000138   0x08000138   0x00000000   Code   RO         4054    .ARM.Collect$$$$0000000A  mc_w.l(entry8b.o)
    0x08000138   0x08000138   0x00000008   Code   RO         4055    .ARM.Collect$$$$0000000B  mc_w.l(entry9a.o)
    0x08000140   0x08000140   0x00000000   Code   RO         4057    .ARM.Collect$$$$0000000D  mc_w.l(entry10a.o)
    0x08000140   0x08000140   0x00000000   Code   RO         4059    .ARM.Collect$$$$0000000F  mc_w.l(entry11a.o)
    0x08000140   0x08000140   0x00000004   Code   RO         4048    .ARM.Collect$$$$00002712  mc_w.l(entry2.o)
    0x08000144   0x08000144   0x00000024   Code   RO          831    .text               startup_stm32f103xe.o
    0x08000168   0x08000168   0x00000024   Code   RO         3782    .text               mc_w.l(memcpya.o)
    0x0800018c   0x0800018c   0x0000002c   Code   RO         4064    .text               mc_w.l(uidiv.o)
    0x080001b8   0x080001b8   0x00000024   Code   RO         4079    .text               mc_w.l(init.o)
    0x080001dc   0x080001dc   0x00000056   Code   RO         4097    .text               mc_w.l(__dczerorl2.o)
    0x08000232   0x08000232   0x00000002   PAD
    0x08000234   0x08000234   0x0000000c   Code   RO          226    i.BSP_SD_GetCardInfo  bsp_driver_sd.o
    0x08000240   0x08000240   0x00000018   Code   RO          227    i.BSP_SD_GetCardState  bsp_driver_sd.o
    0x08000258   0x08000258   0x00000024   Code   RO          230    i.BSP_SD_Init       bsp_driver_sd.o
    0x0800027c   0x0800027c   0x00000020   Code   RO          232    i.BSP_SD_ReadBlocks  bsp_driver_sd.o
    0x0800029c   0x0800029c   0x00000020   Code   RO          234    i.BSP_SD_WriteBlocks  bsp_driver_sd.o
    0x080002bc   0x080002bc   0x00000002   Code   RO          133    i.BusFault_Handler  stm32f1xx_it.o
    0x080002be   0x080002be   0x00000002   PAD
    0x080002c0   0x080002c0   0x00000028   Code   RO         3639    i.CD4094_Clock      cd4094.o
    0x080002e8   0x080002e8   0x000000a8   Code   RO         3641    i.CD4094_InByte     cd4094.o
    0x08000390   0x08000390   0x00000028   Code   RO         3642    i.CD4094_Latch      cd4094.o
    0x080003b8   0x080003b8   0x00000004   Code   RO          779    i.CDC_Control_FS    usbd_cdc_if.o
    0x080003bc   0x080003bc   0x00000004   Code   RO          780    i.CDC_DeInit_FS     usbd_cdc_if.o
    0x080003c0   0x080003c0   0x00000024   Code   RO          781    i.CDC_Init_FS       usbd_cdc_if.o
    0x080003e4   0x080003e4   0x00000018   Code   RO          782    i.CDC_Receive_FS    usbd_cdc_if.o
    0x080003fc   0x080003fc   0x00000002   Code   RO          134    i.DebugMon_Handler  stm32f1xx_it.o
    0x080003fe   0x080003fe   0x00000006   Code   RO         1304    i.FATFS_LinkDriver  ff_gen_drv.o
    0x08000404   0x08000404   0x00000040   Code   RO         1305    i.FATFS_LinkDriverEx  ff_gen_drv.o
    0x08000444   0x08000444   0x00000130   Code   RO         1481    i.HAL_DMA_Abort_IT  stm32f1xx_hal_dma.o
    0x08000574   0x08000574   0x0000001c   Code   RO         1822    i.HAL_Delay         stm32f1xx_hal.o
    0x08000590   0x08000590   0x000001e8   Code   RO         1959    i.HAL_GPIO_Init     stm32f1xx_hal_gpio.o
    0x08000778   0x08000778   0x0000000a   Code   RO         1961    i.HAL_GPIO_ReadPin  stm32f1xx_hal_gpio.o
    0x08000782   0x08000782   0x00000008   Code   RO         1962    i.HAL_GPIO_TogglePin  stm32f1xx_hal_gpio.o
    0x0800078a   0x0800078a   0x0000000a   Code   RO         1963    i.HAL_GPIO_WritePin  stm32f1xx_hal_gpio.o
    0x08000794   0x08000794   0x0000000c   Code   RO         1826    i.HAL_GetTick       stm32f1xx_hal.o
    0x080007a0   0x080007a0   0x00000010   Code   RO         1828    i.HAL_IncTick       stm32f1xx_hal.o
    0x080007b0   0x080007b0   0x00000024   Code   RO         1829    i.HAL_Init          stm32f1xx_hal.o
    0x080007d4   0x080007d4   0x00000028   Code   RO         1830    i.HAL_InitTick      stm32f1xx_hal.o
    0x080007fc   0x080007fc   0x00000094   Code   RO            4    i.HAL_MspInit       stm32f1xx_hal_msp.o
    0x08000890   0x08000890   0x00000016   Code   RO         2680    i.HAL_NVIC_EnableIRQ  stm32f1xx_hal_cortex.o
    0x080008a6   0x080008a6   0x00000002   PAD
    0x080008a8   0x080008a8   0x00000040   Code   RO         2686    i.HAL_NVIC_SetPriority  stm32f1xx_hal_cortex.o
    0x080008e8   0x080008e8   0x00000024   Code   RO         2687    i.HAL_NVIC_SetPriorityGrouping  stm32f1xx_hal_cortex.o
    0x0800090c   0x0800090c   0x00000034   Code   RO         3010    i.HAL_PCDEx_PMAConfig  stm32f1xx_hal_pcd_ex.o
    0x08000940   0x08000940   0x00000002   Code   RO          453    i.HAL_PCDEx_SetConnectionState  usbd_conf.o
    0x08000942   0x08000942   0x0000000e   Code   RO          455    i.HAL_PCD_DataInStageCallback  usbd_conf.o
    0x08000950   0x08000950   0x00000010   Code   RO          456    i.HAL_PCD_DataOutStageCallback  usbd_conf.o
    0x08000960   0x08000960   0x00000040   Code   RO         2804    i.HAL_PCD_EP_Close  stm32f1xx_hal_pcd.o
    0x080009a0   0x080009a0   0x00000048   Code   RO         2805    i.HAL_PCD_EP_ClrStall  stm32f1xx_hal_pcd.o
    0x080009e8   0x080009e8   0x00000010   Code   RO         2807    i.HAL_PCD_EP_GetRxCount  stm32f1xx_hal_pcd.o
    0x080009f8   0x080009f8   0x00000044   Code   RO         2808    i.HAL_PCD_EP_Open   stm32f1xx_hal_pcd.o
    0x08000a3c   0x08000a3c   0x0000002e   Code   RO         2809    i.HAL_PCD_EP_Receive  stm32f1xx_hal_pcd.o
    0x08000a6a   0x08000a6a   0x00000056   Code   RO         2810    i.HAL_PCD_EP_SetStall  stm32f1xx_hal_pcd.o
    0x08000ac0   0x08000ac0   0x0000002a   Code   RO         2811    i.HAL_PCD_EP_Transmit  stm32f1xx_hal_pcd.o
    0x08000aea   0x08000aea   0x0000010c   Code   RO         2813    i.HAL_PCD_IRQHandler  stm32f1xx_hal_pcd.o
    0x08000bf6   0x08000bf6   0x00000002   PAD
    0x08000bf8   0x08000bf8   0x000000c0   Code   RO         2816    i.HAL_PCD_Init      stm32f1xx_hal_pcd.o
    0x08000cb8   0x08000cb8   0x0000003c   Code   RO          461    i.HAL_PCD_MspInit   usbd_conf.o
    0x08000cf4   0x08000cf4   0x0000001a   Code   RO          462    i.HAL_PCD_ResetCallback  usbd_conf.o
    0x08000d0e   0x08000d0e   0x00000008   Code   RO          463    i.HAL_PCD_ResumeCallback  usbd_conf.o
    0x08000d16   0x08000d16   0x00000008   Code   RO          464    i.HAL_PCD_SOFCallback  usbd_conf.o
    0x08000d1e   0x08000d1e   0x00000028   Code   RO         2822    i.HAL_PCD_SetAddress  stm32f1xx_hal_pcd.o
    0x08000d46   0x08000d46   0x0000000e   Code   RO          465    i.HAL_PCD_SetupStageCallback  usbd_conf.o
    0x08000d54   0x08000d54   0x00000032   Code   RO         2824    i.HAL_PCD_Start     stm32f1xx_hal_pcd.o
    0x08000d86   0x08000d86   0x00000002   PAD
    0x08000d88   0x08000d88   0x00000024   Code   RO          466    i.HAL_PCD_SuspendCallback  usbd_conf.o
    0x08000dac   0x08000dac   0x000000ec   Code   RO         1661    i.HAL_RCCEx_PeriphCLKConfig  stm32f1xx_hal_rcc_ex.o
    0x08000e98   0x08000e98   0x00000154   Code   RO         1714    i.HAL_RCC_ClockConfig  stm32f1xx_hal_rcc.o
    0x08000fec   0x08000fec   0x0000000c   Code   RO         1719    i.HAL_RCC_GetHCLKFreq  stm32f1xx_hal_rcc.o
    0x08000ff8   0x08000ff8   0x0000006c   Code   RO         1723    i.HAL_RCC_GetSysClockFreq  stm32f1xx_hal_rcc.o
    0x08001064   0x08001064   0x00000304   Code   RO         1726    i.HAL_RCC_OscConfig  stm32f1xx_hal_rcc.o
    0x08001368   0x08001368   0x00000002   Code   RO         2077    i.HAL_SD_AbortCallback  stm32f1xx_hal_sd.o
    0x0800136a   0x0800136a   0x00000002   Code   RO         2082    i.HAL_SD_ErrorCallback  stm32f1xx_hal_sd.o
    0x0800136c   0x0800136c   0x000001da   Code   RO         2084    i.HAL_SD_GetCardCSD  stm32f1xx_hal_sd.o
    0x08001546   0x08001546   0x00000024   Code   RO         2085    i.HAL_SD_GetCardInfo  stm32f1xx_hal_sd.o
    0x0800156a   0x0800156a   0x0000002c   Code   RO         2086    i.HAL_SD_GetCardState  stm32f1xx_hal_sd.o
    0x08001596   0x08001596   0x00000002   PAD
    0x08001598   0x08001598   0x000001c0   Code   RO         2090    i.HAL_SD_IRQHandler  stm32f1xx_hal_sd.o
    0x08001758   0x08001758   0x00000036   Code   RO         2091    i.HAL_SD_Init       stm32f1xx_hal_sd.o
    0x0800178e   0x0800178e   0x00000002   PAD
    0x08001790   0x08001790   0x00000054   Code   RO         2092    i.HAL_SD_InitCard   stm32f1xx_hal_sd.o
    0x080017e4   0x080017e4   0x00000068   Code   RO            6    i.HAL_SD_MspInit    stm32f1xx_hal_msp.o
    0x0800184c   0x0800184c   0x000001b2   Code   RO         2095    i.HAL_SD_ReadBlocks  stm32f1xx_hal_sd.o
    0x080019fe   0x080019fe   0x00000002   Code   RO         2098    i.HAL_SD_RxCpltCallback  stm32f1xx_hal_sd.o
    0x08001a00   0x08001a00   0x00000002   Code   RO         2099    i.HAL_SD_TxCpltCallback  stm32f1xx_hal_sd.o
    0x08001a02   0x08001a02   0x00000002   PAD
    0x08001a04   0x08001a04   0x0000019a   Code   RO         2100    i.HAL_SD_WriteBlocks  stm32f1xx_hal_sd.o
    0x08001b9e   0x08001b9e   0x00000018   Code   RO         2689    i.HAL_SYSTICK_CLKSourceConfig  stm32f1xx_hal_cortex.o
    0x08001bb6   0x08001bb6   0x00000002   Code   RO         2690    i.HAL_SYSTICK_Callback  stm32f1xx_hal_cortex.o
    0x08001bb8   0x08001bb8   0x00000028   Code   RO         2691    i.HAL_SYSTICK_Config  stm32f1xx_hal_cortex.o
    0x08001be0   0x08001be0   0x00000008   Code   RO         2692    i.HAL_SYSTICK_IRQHandler  stm32f1xx_hal_cortex.o
    0x08001be8   0x08001be8   0x00000002   Code   RO          135    i.HardFault_Handler  stm32f1xx_it.o
    0x08001bea   0x08001bea   0x00000002   PAD
    0x08001bec   0x08001bec   0x0000001c   Code   RO          332    i.MX_FATFS_Init     fatfs.o
    0x08001c08   0x08001c08   0x000000c0   Code   RO          389    i.MX_GPIO_Init      main.o
    0x08001cc8   0x08001cc8   0x00000038   Code   RO          741    i.MX_USB_DEVICE_Init  usb_device.o
    0x08001d00   0x08001d00   0x00000002   Code   RO          136    i.MemManage_Handler  stm32f1xx_it.o
    0x08001d02   0x08001d02   0x00000002   Code   RO          137    i.NMI_Handler       stm32f1xx_it.o
    0x08001d04   0x08001d04   0x00000020   Code   RO         2693    i.NVIC_SetPriority  stm32f1xx_hal_cortex.o
    0x08001d24   0x08001d24   0x00000362   Code   RO         2827    i.PCD_EP_ISR_Handler  stm32f1xx_hal_pcd.o
    0x08002086   0x08002086   0x00000002   Code   RO          138    i.PendSV_Handler    stm32f1xx_it.o
    0x08002088   0x08002088   0x00000024   Code   RO         2311    i.SDIO_ConfigData   stm32f1xx_ll_sdmmc.o
    0x080020ac   0x080020ac   0x00000008   Code   RO         2315    i.SDIO_GetPowerState  stm32f1xx_ll_sdmmc.o
    0x080020b4   0x080020b4   0x0000000c   Code   RO         2316    i.SDIO_GetResponse  stm32f1xx_ll_sdmmc.o
    0x080020c0   0x080020c0   0x0000000c   Code   RO          139    i.SDIO_IRQHandler   stm32f1xx_it.o
    0x080020cc   0x080020cc   0x00000024   Code   RO         2317    i.SDIO_Init         stm32f1xx_ll_sdmmc.o
    0x080020f0   0x080020f0   0x00000008   Code   RO         2319    i.SDIO_PowerState_ON  stm32f1xx_ll_sdmmc.o
    0x080020f8   0x080020f8   0x00000006   Code   RO         2320    i.SDIO_ReadFIFO     stm32f1xx_ll_sdmmc.o
    0x080020fe   0x080020fe   0x00000020   Code   RO         2321    i.SDIO_SendCommand  stm32f1xx_ll_sdmmc.o
    0x0800211e   0x0800211e   0x0000000a   Code   RO         2323    i.SDIO_WriteFIFO    stm32f1xx_ll_sdmmc.o
    0x08002128   0x08002128   0x00000032   Code   RO         2324    i.SDMMC_CmdAppCommand  stm32f1xx_ll_sdmmc.o
    0x0800215a   0x0800215a   0x00000002   PAD
    0x0800215c   0x0800215c   0x00000034   Code   RO         2325    i.SDMMC_CmdAppOperCommand  stm32f1xx_ll_sdmmc.o
    0x08002190   0x08002190   0x00000032   Code   RO         2326    i.SDMMC_CmdBlockLength  stm32f1xx_ll_sdmmc.o
    0x080021c2   0x080021c2   0x00000002   PAD
    0x080021c4   0x080021c4   0x00000050   Code   RO         2331    i.SDMMC_CmdGoIdleState  stm32f1xx_ll_sdmmc.o
    0x08002214   0x08002214   0x00000068   Code   RO         2333    i.SDMMC_CmdOperCond  stm32f1xx_ll_sdmmc.o
    0x0800227c   0x0800227c   0x00000032   Code   RO         2334    i.SDMMC_CmdReadMultiBlock  stm32f1xx_ll_sdmmc.o
    0x080022ae   0x080022ae   0x00000032   Code   RO         2335    i.SDMMC_CmdReadSingleBlock  stm32f1xx_ll_sdmmc.o
    0x080022e0   0x080022e0   0x00000032   Code   RO         2338    i.SDMMC_CmdSelDesel  stm32f1xx_ll_sdmmc.o
    0x08002312   0x08002312   0x0000002c   Code   RO         2339    i.SDMMC_CmdSendCID  stm32f1xx_ll_sdmmc.o
    0x0800233e   0x0800233e   0x0000002c   Code   RO         2340    i.SDMMC_CmdSendCSD  stm32f1xx_ll_sdmmc.o
    0x0800236a   0x0800236a   0x00000032   Code   RO         2342    i.SDMMC_CmdSendStatus  stm32f1xx_ll_sdmmc.o
    0x0800239c   0x0800239c   0x00000030   Code   RO         2343    i.SDMMC_CmdSetRelAdd  stm32f1xx_ll_sdmmc.o
    0x080023cc   0x080023cc   0x00000034   Code   RO         2345    i.SDMMC_CmdStopTransfer  stm32f1xx_ll_sdmmc.o
    0x08002400   0x08002400   0x00000032   Code   RO         2347    i.SDMMC_CmdWriteMultiBlock  stm32f1xx_ll_sdmmc.o
    0x08002432   0x08002432   0x00000032   Code   RO         2348    i.SDMMC_CmdWriteSingleBlock  stm32f1xx_ll_sdmmc.o
    0x08002464   0x08002464   0x0000011c   Code   RO         2349    i.SDMMC_GetCmdResp1  stm32f1xx_ll_sdmmc.o
    0x08002580   0x08002580   0x00000050   Code   RO         2350    i.SDMMC_GetCmdResp2  stm32f1xx_ll_sdmmc.o
    0x080025d0   0x080025d0   0x00000040   Code   RO         2351    i.SDMMC_GetCmdResp3  stm32f1xx_ll_sdmmc.o
    0x08002610   0x08002610   0x00000084   Code   RO         2352    i.SDMMC_GetCmdResp6  stm32f1xx_ll_sdmmc.o
    0x08002694   0x08002694   0x00000048   Code   RO         2105    i.SD_DMARxAbort     stm32f1xx_hal_sd.o
    0x080026dc   0x080026dc   0x00000048   Code   RO         2107    i.SD_DMATxAbort     stm32f1xx_hal_sd.o
    0x08002724   0x08002724   0x000000e6   Code   RO         2109    i.SD_InitCard       stm32f1xx_hal_sd.o
    0x0800280a   0x0800280a   0x000000a2   Code   RO         2110    i.SD_PowerON        stm32f1xx_hal_sd.o
    0x080028ac   0x080028ac   0x00000020   Code   RO          869    i.SD_initialize     sd_diskio.o
    0x080028cc   0x080028cc   0x00000050   Code   RO          870    i.SD_ioctl          sd_diskio.o
    0x0800291c   0x0800291c   0x0000003c   Code   RO          871    i.SD_read           sd_diskio.o
    0x08002958   0x08002958   0x00000020   Code   RO          872    i.SD_status         sd_diskio.o
    0x08002978   0x08002978   0x0000003c   Code   RO          873    i.SD_write          sd_diskio.o
    0x080029b4   0x080029b4   0x00000002   Code   RO          140    i.SVC_Handler       stm32f1xx_it.o
    0x080029b6   0x080029b6   0x0000000e   Code   RO          141    i.SysTick_Handler   stm32f1xx_it.o
    0x080029c4   0x080029c4   0x00000078   Code   RO          390    i.SystemClock_Config  main.o
    0x08002a3c   0x08002a3c   0x00000048   Code   RO         3233    i.SystemInit        system_stm32f1xx.o
    0x08002a84   0x08002a84   0x00000014   Code   RO         3473    i.USBD_CDC_DataIn   usbd_cdc.o
    0x08002a98   0x08002a98   0x0000002e   Code   RO         3474    i.USBD_CDC_DataOut  usbd_cdc.o
    0x08002ac6   0x08002ac6   0x0000003c   Code   RO         3475    i.USBD_CDC_DeInit   usbd_cdc.o
    0x08002b02   0x08002b02   0x00000024   Code   RO         3476    i.USBD_CDC_EP0_RxReady  usbd_cdc.o
    0x08002b26   0x08002b26   0x00000002   PAD
    0x08002b28   0x08002b28   0x0000000c   Code   RO         3477    i.USBD_CDC_GetDeviceQualifierDescriptor  usbd_cdc.o
    0x08002b34   0x08002b34   0x0000000c   Code   RO         3478    i.USBD_CDC_GetFSCfgDesc  usbd_cdc.o
    0x08002b40   0x08002b40   0x0000000c   Code   RO         3479    i.USBD_CDC_GetHSCfgDesc  usbd_cdc.o
    0x08002b4c   0x08002b4c   0x0000000c   Code   RO         3480    i.USBD_CDC_GetOtherSpeedCfgDesc  usbd_cdc.o
    0x08002b58   0x08002b58   0x00000088   Code   RO         3481    i.USBD_CDC_Init     usbd_cdc.o
    0x08002be0   0x08002be0   0x00000028   Code   RO         3482    i.USBD_CDC_ReceivePacket  usbd_cdc.o
    0x08002c08   0x08002c08   0x00000010   Code   RO         3483    i.USBD_CDC_RegisterInterface  usbd_cdc.o
    0x08002c18   0x08002c18   0x0000000c   Code   RO         3484    i.USBD_CDC_SetRxBuffer  usbd_cdc.o
    0x08002c24   0x08002c24   0x00000010   Code   RO         3485    i.USBD_CDC_SetTxBuffer  usbd_cdc.o
    0x08002c34   0x08002c34   0x00000070   Code   RO         3486    i.USBD_CDC_Setup    usbd_cdc.o
    0x08002ca4   0x08002ca4   0x0000000e   Code   RO         3270    i.USBD_ClrClassConfig  usbd_core.o
    0x08002cb2   0x08002cb2   0x00000010   Code   RO         3579    i.USBD_CtlContinueRx  usbd_ioreq.o
    0x08002cc2   0x08002cc2   0x00000010   Code   RO         3580    i.USBD_CtlContinueSendData  usbd_ioreq.o
    0x08002cd2   0x08002cd2   0x00000016   Code   RO         3408    i.USBD_CtlError     usbd_ctlreq.o
    0x08002ce8   0x08002ce8   0x0000001e   Code   RO         3581    i.USBD_CtlPrepareRx  usbd_ioreq.o
    0x08002d06   0x08002d06   0x00000016   Code   RO         3582    i.USBD_CtlReceiveStatus  usbd_ioreq.o
    0x08002d1c   0x08002d1c   0x0000001a   Code   RO         3583    i.USBD_CtlSendData  usbd_ioreq.o
    0x08002d36   0x08002d36   0x00000016   Code   RO         3584    i.USBD_CtlSendStatus  usbd_ioreq.o
    0x08002d4c   0x08002d4c   0x00000020   Code   RO          673    i.USBD_FS_ConfigStrDescriptor  usbd_desc.o
    0x08002d6c   0x08002d6c   0x0000000c   Code   RO          674    i.USBD_FS_DeviceDescriptor  usbd_desc.o
    0x08002d78   0x08002d78   0x00000024   Code   RO          675    i.USBD_FS_InterfaceStrDescriptor  usbd_desc.o
    0x08002d9c   0x08002d9c   0x0000000c   Code   RO          676    i.USBD_FS_LangIDStrDescriptor  usbd_desc.o
    0x08002da8   0x08002da8   0x00000028   Code   RO          677    i.USBD_FS_ManufacturerStrDescriptor  usbd_desc.o
    0x08002dd0   0x08002dd0   0x0000002c   Code   RO          678    i.USBD_FS_ProductStrDescriptor  usbd_desc.o
    0x08002dfc   0x08002dfc   0x00000024   Code   RO          679    i.USBD_FS_SerialStrDescriptor  usbd_desc.o
    0x08002e20   0x08002e20   0x000000e0   Code   RO         3409    i.USBD_GetDescriptor  usbd_ctlreq.o
    0x08002f00   0x08002f00   0x00000046   Code   RO         3410    i.USBD_GetString    usbd_ctlreq.o
    0x08002f46   0x08002f46   0x0000002a   Code   RO         3272    i.USBD_Init         usbd_core.o
    0x08002f70   0x08002f70   0x00000020   Code   RO          467    i.USBD_LL_ClearStallEP  usbd_conf.o
    0x08002f90   0x08002f90   0x00000020   Code   RO          468    i.USBD_LL_CloseEP   usbd_conf.o
    0x08002fb0   0x08002fb0   0x000000aa   Code   RO         3273    i.USBD_LL_DataInStage  usbd_core.o
    0x0800305a   0x0800305a   0x0000006a   Code   RO         3274    i.USBD_LL_DataOutStage  usbd_core.o
    0x080030c4   0x080030c4   0x00000008   Code   RO          472    i.USBD_LL_GetRxDataSize  usbd_conf.o
    0x080030cc   0x080030cc   0x000000a0   Code   RO          473    i.USBD_LL_Init      usbd_conf.o
    0x0800316c   0x0800316c   0x0000001c   Code   RO          474    i.USBD_LL_IsStallEP  usbd_conf.o
    0x08003188   0x08003188   0x00000026   Code   RO          475    i.USBD_LL_OpenEP    usbd_conf.o
    0x080031ae   0x080031ae   0x00000020   Code   RO          476    i.USBD_LL_PrepareReceive  usbd_conf.o
    0x080031ce   0x080031ce   0x0000003e   Code   RO         3279    i.USBD_LL_Reset     usbd_core.o
    0x0800320c   0x0800320c   0x0000000c   Code   RO         3280    i.USBD_LL_Resume    usbd_core.o
    0x08003218   0x08003218   0x00000018   Code   RO         3281    i.USBD_LL_SOF       usbd_core.o
    0x08003230   0x08003230   0x00000006   Code   RO         3282    i.USBD_LL_SetSpeed  usbd_core.o
    0x08003236   0x08003236   0x00000020   Code   RO          477    i.USBD_LL_SetUSBAddress  usbd_conf.o
    0x08003256   0x08003256   0x0000005a   Code   RO         3283    i.USBD_LL_SetupStage  usbd_core.o
    0x080032b0   0x080032b0   0x00000020   Code   RO          478    i.USBD_LL_StallEP   usbd_conf.o
    0x080032d0   0x080032d0   0x00000020   Code   RO          479    i.USBD_LL_Start     usbd_conf.o
    0x080032f0   0x080032f0   0x00000012   Code   RO         3284    i.USBD_LL_Suspend   usbd_core.o
    0x08003302   0x08003302   0x00000020   Code   RO          481    i.USBD_LL_Transmit  usbd_conf.o
    0x08003322   0x08003322   0x00000028   Code   RO         3411    i.USBD_ParseSetupRequest  usbd_ctlreq.o
    0x0800334a   0x0800334a   0x00000010   Code   RO         3285    i.USBD_RegisterClass  usbd_core.o
    0x0800335a   0x0800335a   0x00000016   Code   RO         3287    i.USBD_SetClassConfig  usbd_core.o
    0x08003370   0x08003370   0x00000074   Code   RO         3412    i.USBD_SetConfig    usbd_ctlreq.o
    0x080033e4   0x080033e4   0x0000000a   Code   RO         3288    i.USBD_Start        usbd_core.o
    0x080033ee   0x080033ee   0x000000f2   Code   RO         3413    i.USBD_StdDevReq    usbd_ctlreq.o
    0x080034e0   0x080034e0   0x000000dc   Code   RO         3414    i.USBD_StdEPReq     usbd_ctlreq.o
    0x080035bc   0x080035bc   0x00000034   Code   RO         3415    i.USBD_StdItfReq    usbd_ctlreq.o
    0x080035f0   0x080035f0   0x00000002   Code   RO          482    i.USBD_static_free  usbd_conf.o
    0x080035f2   0x080035f2   0x00000002   PAD
    0x080035f4   0x080035f4   0x00000008   Code   RO          483    i.USBD_static_malloc  usbd_conf.o
    0x080035fc   0x080035fc   0x0000025c   Code   RO         3040    i.USB_ActivateEndpoint  stm32f1xx_ll_usb.o
    0x08003858   0x08003858   0x00000004   Code   RO         3043    i.USB_CoreInit      stm32f1xx_ll_usb.o
    0x0800385c   0x0800385c   0x00000124   Code   RO         3045    i.USB_DeactivateEndpoint  stm32f1xx_ll_usb.o
    0x08003980   0x08003980   0x00000004   Code   RO         3046    i.USB_DevConnect    stm32f1xx_ll_usb.o
    0x08003984   0x08003984   0x00000004   Code   RO         3047    i.USB_DevDisconnect  stm32f1xx_ll_usb.o
    0x08003988   0x08003988   0x0000001e   Code   RO         3048    i.USB_DevInit       stm32f1xx_ll_usb.o
    0x080039a6   0x080039a6   0x0000000e   Code   RO         3049    i.USB_DisableGlobalInt  stm32f1xx_ll_usb.o
    0x080039b4   0x080039b4   0x00000004   Code   RO         3050    i.USB_EP0_OutStart  stm32f1xx_ll_usb.o
    0x080039b8   0x080039b8   0x0000006a   Code   RO         3051    i.USB_EPClearStall  stm32f1xx_ll_usb.o
    0x08003a22   0x08003a22   0x0000004a   Code   RO         3052    i.USB_EPSetStall    stm32f1xx_ll_usb.o
    0x08003a6c   0x08003a6c   0x000001aa   Code   RO         3053    i.USB_EPStartXfer   stm32f1xx_ll_usb.o
    0x08003c16   0x08003c16   0x0000000e   Code   RO         3054    i.USB_EnableGlobalInt  stm32f1xx_ll_usb.o
    0x08003c24   0x08003c24   0x0000000c   Code   RO          142    i.USB_LP_CAN1_RX0_IRQHandler  stm32f1xx_it.o
    0x08003c30   0x08003c30   0x00000006   Code   RO         3061    i.USB_ReadInterrupts  stm32f1xx_ll_usb.o
    0x08003c36   0x08003c36   0x00000002   PAD
    0x08003c38   0x08003c38   0x0000001e   Code   RO         3062    i.USB_ReadPMA       stm32f1xx_ll_usb.o
    0x08003c56   0x08003c56   0x00000004   Code   RO         3064    i.USB_SetCurrentMode  stm32f1xx_ll_usb.o
    0x08003c5a   0x08003c5a   0x0000000c   Code   RO         3065    i.USB_SetDevAddress  stm32f1xx_ll_usb.o
    0x08003c66   0x08003c66   0x00000026   Code   RO         3067    i.USB_WritePMA      stm32f1xx_ll_usb.o
    0x08003c8c   0x08003c8c   0x00000002   Code   RO          143    i.UsageFault_Handler  stm32f1xx_it.o
    0x08003c8e   0x08003c8e   0x00000002   Code   RO          391    i._Error_Handler    main.o
    0x08003c90   0x08003c90   0x00000028   Code   RO         3833    i.__0sprintf$1      mc_w.l(printf1.o)
    0x08003cb8   0x08003cb8   0x0000000e   Code   RO         4091    i.__scatterload_copy  mc_w.l(handlers.o)
    0x08003cc6   0x08003cc6   0x00000002   Code   RO         4092    i.__scatterload_null  mc_w.l(handlers.o)
    0x08003cc8   0x08003cc8   0x0000000e   Code   RO         4093    i.__scatterload_zeroinit  mc_w.l(handlers.o)
    0x08003cd6   0x08003cd6   0x00000002   PAD
    0x08003cd8   0x08003cd8   0x00000154   Code   RO         3838    i._printf_core      mc_w.l(printf1.o)
    0x08003e2c   0x08003e2c   0x0000000a   Code   RO         3840    i._sputc            mc_w.l(printf1.o)
    0x08003e36   0x08003e36   0x00000002   PAD
    0x08003e38   0x08003e38   0x00000060   Code   RO          983    i.check_fs          ff.o
    0x08003e98   0x08003e98   0x0000006c   Code   RO          984    i.chk_lock          ff.o
    0x08003f04   0x08003f04   0x00000024   Code   RO          985    i.clear_lock        ff.o
    0x08003f28   0x08003f28   0x0000002a   Code   RO          986    i.clmt_clust        ff.o
    0x08003f52   0x08003f52   0x0000001e   Code   RO          987    i.clust2sect        ff.o
    0x08003f70   0x08003f70   0x0000002c   Code   RO         3684    i.control           control.o
    0x08003f9c   0x08003f9c   0x000000ec   Code   RO         3685    i.control_main_eff  control.o
    0x08004088   0x08004088   0x000000b0   Code   RO          988    i.create_chain      ff.o
    0x08004138   0x08004138   0x00000100   Code   RO          989    i.create_name       ff.o
    0x08004238   0x08004238   0x0000003c   Code   RO          990    i.dec_lock          ff.o
    0x08004274   0x08004274   0x0000011e   Code   RO          991    i.dir_next          ff.o
    0x08004392   0x08004392   0x00000076   Code   RO          993    i.dir_register      ff.o
    0x08004408   0x08004408   0x00000098   Code   RO          995    i.dir_sdi           ff.o
    0x080044a0   0x080044a0   0x00000028   Code   RO          928    i.disk_initialize   diskio.o
    0x080044c8   0x080044c8   0x0000001c   Code   RO          929    i.disk_ioctl        diskio.o
    0x080044e4   0x080044e4   0x0000001c   Code   RO          930    i.disk_read         diskio.o
    0x08004500   0x08004500   0x00000018   Code   RO          931    i.disk_status       diskio.o
    0x08004518   0x08004518   0x0000001c   Code   RO          932    i.disk_write        diskio.o
    0x08004534   0x08004534   0x00000010   Code   RO         3736    i.eff_init          effect.o
    0x08004544   0x08004544   0x0000002a   Code   RO          997    i.f_close           ff.o
    0x0800456e   0x0800456e   0x00000002   PAD
    0x08004570   0x08004570   0x0000005c   Code   RO         1004    i.f_mount           ff.o
    0x080045cc   0x080045cc   0x000001a0   Code   RO         1005    i.f_open            ff.o
    0x0800476c   0x0800476c   0x0000018c   Code   RO         1010    i.f_read            ff.o
    0x080048f8   0x080048f8   0x000000b8   Code   RO         1014    i.f_sync            ff.o
    0x080049b0   0x080049b0   0x00000258   Code   RO         1019    i.find_volume       ff.o
    0x08004c08   0x08004c08   0x000000c0   Code   RO         1020    i.follow_path       ff.o
    0x08004cc8   0x08004cc8   0x000000c2   Code   RO         1021    i.get_fat           ff.o
    0x08004d8a   0x08004d8a   0x00000004   Code   RO          333    i.get_fattime       fatfs.o
    0x08004d8e   0x08004d8e   0x0000003c   Code   RO         1023    i.get_ldnumber      ff.o
    0x08004dca   0x08004dca   0x00000002   PAD
    0x08004dcc   0x08004dcc   0x000000a0   Code   RO         1024    i.inc_lock          ff.o
    0x08004e6c   0x08004e6c   0x0000004c   Code   RO         3737    i.input_chanel      effect.o
    0x08004eb8   0x08004eb8   0x00000014   Code   RO         1025    i.ld_clust          ff.o
    0x08004ecc   0x08004ecc   0x00000038   Code   RO          392    i.main              main.o
    0x08004f04   0x08004f04   0x00000012   Code   RO         1026    i.mem_cpy           ff.o
    0x08004f16   0x08004f16   0x0000000e   Code   RO         1027    i.mem_set           ff.o
    0x08004f24   0x08004f24   0x00000036   Code   RO         1028    i.move_window       ff.o
    0x08004f5a   0x08004f5a   0x000000f8   Code   RO         1029    i.put_fat           ff.o
    0x08005052   0x08005052   0x00000002   PAD
    0x08005054   0x08005054   0x0000003c   Code   RO         3686    i.read_byte_init    control.o
    0x08005090   0x08005090   0x0000006e   Code   RO         1031    i.remove_chain      ff.o
    0x080050fe   0x080050fe   0x00000014   Code   RO         3739    i.shadow_data       effect.o
    0x08005112   0x08005112   0x00000010   Code   RO         1032    i.st_clust          ff.o
    0x08005122   0x08005122   0x000000b6   Code   RO         1033    i.sync_fs           ff.o
    0x080051d8   0x080051d8   0x00000060   Code   RO         1034    i.sync_window       ff.o
    0x08005238   0x08005238   0x0000002c   Code   RO         1035    i.validate          ff.o
    0x08005264   0x08005264   0x00000014   Data   RO          874    .constdata          sd_diskio.o
    0x08005278   0x08005278   0x000000ac   Data   RO         1037    .constdata          ff.o
    0x08005324   0x08005324   0x00000010   Data   RO         3234    .constdata          system_stm32f1xx.o
    0x08005334   0x08005334   0x00000020   Data   RO         4089    Region$$Table       anon$$obj.o


    Execution Region RW_IRAM1 (Exec base: 0x20000000, Load base: 0x08005354, Size: 0x000025b8, Max: 0x00010000, ABSOLUTE, COMPRESSED[0x000000c0])

    Exec Addr    Load Addr    Size         Type   Attr      Idx    E Section Name        Object

    0x20000000   COMPRESSED   0x00000005   Data   RW          336    .data               fatfs.o
    0x20000005   COMPRESSED   0x00000003   PAD
    0x20000008   COMPRESSED   0x0000001c   Data   RW          681    .data               usbd_desc.o
    0x20000024   COMPRESSED   0x00000016   Data   RW          682    .data               usbd_desc.o
    0x2000003a   COMPRESSED   0x00000002   PAD
    0x2000003c   COMPRESSED   0x00000010   Data   RW          785    .data               usbd_cdc_if.o
    0x2000004c   COMPRESSED   0x00000001   Data   RW          875    .data               sd_diskio.o
    0x2000004d   COMPRESSED   0x00000003   PAD
    0x20000050   COMPRESSED   0x00000008   Data   RW         1038    .data               ff.o
    0x20000058   COMPRESSED   0x00000004   Data   RW         1835    .data               stm32f1xx_hal.o
    0x2000005c   COMPRESSED   0x00000004   Data   RW         3236    .data               system_stm32f1xx.o
    0x20000060   COMPRESSED   0x00000001   Data   RW         3416    .data               usbd_ctlreq.o
    0x20000061   COMPRESSED   0x00000003   PAD
    0x20000064   COMPRESSED   0x000000db   Data   RW         3488    .data               usbd_cdc.o
    0x2000013f   COMPRESSED   0x00000001   PAD
    0x20000140   COMPRESSED   0x00000038   Data   RW         3489    .data               usbd_cdc.o
    0x20000178   COMPRESSED   0x00000015   Data   RW         3689    .data               control.o
    0x2000018d   COMPRESSED   0x00000001   PAD
    0x2000018e   COMPRESSED   0x00000004   Data   RW         3740    .data               effect.o
    0x20000192   COMPRESSED   0x00000002   PAD
    0x20000194        -       0x00000084   Zero   RW          393    .bss                main.o
    0x20000218        -       0x00000680   Zero   RW          484    .bss                usbd_conf.o
    0x20000898        -       0x00000200   Zero   RW          680    .bss                usbd_desc.o
    0x20000a98        -       0x00000224   Zero   RW          742    .bss                usb_device.o
    0x20000cbc        -       0x00001000   Zero   RW          784    .bss                usbd_cdc_if.o
    0x20001cbc        -       0x00000018   Zero   RW         1036    .bss                ff.o
    0x20001cd4        -       0x0000000c   Zero   RW         1308    .bss                ff_gen_drv.o
    0x20001ce0        -       0x000004d4   Zero   RW         3688    .bss                control.o
    0x200021b4   COMPRESSED   0x00000004   PAD
    0x200021b8        -       0x00000400   Zero   RW          828    STACK               startup_stm32f103xe.o


==============================================================================

Image component sizes


      Code (inc. data)   RO Data    RW Data    ZI Data      Debug   Object Name

       136         26          0          0          0       3678   bsp_driver_sd.o
       248         18          0          0          0       2070   cd4094.o
       340         62          0         21       1236       2605   control.o
       148         22          0          0          0       3913   diskio.o
       112         18          0          4          0       2370   effect.o
        32         10          0          5          0       6728   fatfs.o
      4498         70        172          8         24      33605   ff.o
        70          4          0          0         12       1747   ff_gen_drv.o
       370         28          0          0        132       7683   main.o
       264         34         20          1          0       4752   sd_diskio.o
        36          8        304          0       1024        828   startup_stm32f103xe.o
       132         22          0          4          0       4047   stm32f1xx_hal.o
       228         14          0          0          0      27889   stm32f1xx_hal_cortex.o
       304          8          0          0          0       1279   stm32f1xx_hal_dma.o
       516         42          0          0          0       4372   stm32f1xx_hal_gpio.o
       252         26          0          0          0     476791   stm32f1xx_hal_msp.o
      1810          0          0          0          0      10753   stm32f1xx_hal_pcd.o
        52          0          0          0          0       1286   stm32f1xx_hal_pcd_ex.o
      1232         80          0          0          0       4782   stm32f1xx_hal_rcc.o
       236         12          0          0          0       1496   stm32f1xx_hal_rcc_ex.o
      2528         14          0          0          0      15122   stm32f1xx_hal_sd.o
        54         12          0          0          0       5313   stm32f1xx_it.o
      1532         42          0          0          0      21948   stm32f1xx_ll_sdmmc.o
      1666          0          0          0          0      13631   stm32f1xx_ll_usb.o
        72         16         16          4          0       1327   system_stm32f1xx.o
        56         18          0          0        548        820   usb_device.o
       542         22          0        275          0      12868   usbd_cdc.o
        68         16          0         16       4096       2858   usbd_cdc_if.o
       652         50          0          0       1664      16224   usbd_conf.o
       592          0          0          0          0       9940   usbd_core.o
       986         30          0          1          0       8244   usbd_ctlreq.o
       212        116          0         50        512       5419   usbd_desc.o
       132          0          0          0          0       4716   usbd_ioreq.o

    ----------------------------------------------------------------------
     20140        840        544        404       9252     721104   Object Totals
         0          0         32          0          0          0   (incl. Generated)
        32          0          0         15          4          0   (incl. Padding)

    ----------------------------------------------------------------------

      Code (inc. data)   RO Data    RW Data    ZI Data      Debug   Library Member Name

        86          0          0          0          0          0   __dczerorl2.o
         0          0          0          0          0          0   entry.o
         0          0          0          0          0          0   entry10a.o
         0          0          0          0          0          0   entry11a.o
         8          4          0          0          0          0   entry2.o
         4          0          0          0          0          0   entry5.o
         0          0          0          0          0          0   entry7b.o
         0          0          0          0          0          0   entry8b.o
         8          4          0          0          0          0   entry9a.o
        30          0          0          0          0          0   handlers.o
        36          8          0          0          0         68   init.o
        36          0          0          0          0         68   memcpya.o
       390         10          0          0          0        252   printf1.o
        44          0          0          0          0         80   uidiv.o

    ----------------------------------------------------------------------
       648         26          0          0          0        468   Library Totals
         6          0          0          0          0          0   (incl. Padding)

    ----------------------------------------------------------------------

      Code (inc. data)   RO Data    RW Data    ZI Data      Debug   Library Name

       642         26          0          0          0        468   mc_w.l

    ----------------------------------------------------------------------
       648         26          0          0          0        468   Library Totals

    ----------------------------------------------------------------------

==============================================================================


      Code (inc. data)   RO Data    RW Data    ZI Data      Debug   

     20788        866        544        404       9252     709012   Grand Totals
     20788        866        544        192       9252     709012   ELF Image Totals (compressed)
     20788        866        544        192          0          0   ROM Totals

==============================================================================

    Total RO  Size (Code + RO Data)                21332 (  20.83kB)
    Total RW  Size (RW Data + ZI Data)              9656 (   9.43kB)
    Total ROM Size (Code + RO Data + RW Data)      21524 (  21.02kB)

==============================================================================

